test_api_rejects_occupied_daemon_without_storing_report (test_admission.DaemonAdmissionTests.test_api_rejects_occupied_daemon_without_storing_report) ... ok
test_cli_rejects_occupied_daemon_without_replacing_export (test_admission.DaemonAdmissionTests.test_cli_rejects_occupied_daemon_without_replacing_export) ... ok
test_host_timeout_releases_owned_slot_for_next_run (test_admission.DaemonAdmissionTests.test_host_timeout_releases_owned_slot_for_next_run) ... ok
test_two_processes_race_after_both_observe_empty_slot (test_admission.DaemonAdmissionTests.test_two_processes_race_after_both_observe_empty_slot) ... ok
test_unstarted_container_keeps_slot_until_explicit_owned_removal (test_admission.DaemonAdmissionTests.test_unstarted_container_keeps_slot_until_explicit_owned_removal) ... ok
test_diverged_recording_and_gas_budget_fail_then_next_run_succeeds (test_agent.BoundedAgentTests.test_diverged_recording_and_gas_budget_fail_then_next_run_succeeds) ... ok
test_frozen_model_recording_replays_without_provider_or_network (test_agent.BoundedAgentTests.test_frozen_model_recording_replays_without_provider_or_network) ... ok
test_recording_larger_than_scenario_budget_stays_valid (test_agent.BoundedAgentTests.test_recording_larger_than_scenario_budget_stays_valid) ... ok
test_risk_matches_native_and_replays_complete_artifact (test_agent.BoundedAgentTests.test_risk_matches_native_and_replays_complete_artifact) ... ok
test_risk_respects_tight_requested_gas_budget (test_agent.BoundedAgentTests.test_risk_respects_tight_requested_gas_budget) ... ok
test_real_multistep_build_has_one_bounded_diagnostic_stream (test_build_output.BuildOutputTests.test_real_multistep_build_has_one_bounded_diagnostic_stream) ... ok
test_actual_image_protocol_replays_signed_oracle_update_and_adverse_omission (test_trace.BoundedCanonicalReplay.test_actual_image_protocol_replays_signed_oracle_update_and_adverse_omission) ... ok
test_actual_image_protocol_retains_same_block_funding_and_unmined_omission (test_trace.BoundedCanonicalReplay.test_actual_image_protocol_retains_same_block_funding_and_unmined_omission) ... ok
test_actual_observed_entrypoint_replays_and_preserves_unproven_prices (test_trace.BoundedCanonicalReplay.test_actual_observed_entrypoint_replays_and_preserves_unproven_prices) ... ok
test_actual_worker_reconstructs_original_receipts_and_nonce_conflicts (test_trace.BoundedCanonicalReplay.test_actual_worker_reconstructs_original_receipts_and_nonce_conflicts) ... ok
test_cli_and_api_roundtrip (test_worker.IsolatedAPITests.test_cli_and_api_roundtrip) ... ok
test_cpu_quota_throttles_parallel_work (test_worker.IsolatedWorkerTests.test_cpu_quota_throttles_parallel_work) ... ok
test_kernel_controls_mounts_and_privileges (test_worker.IsolatedWorkerTests.test_kernel_controls_mounts_and_privileges) ... ok
test_memory_limit_actually_oom_kills_overallocation (test_worker.IsolatedWorkerTests.test_memory_limit_actually_oom_kills_overallocation) ... ok
test_pid_limit_actually_rejects_more_processes (test_worker.IsolatedWorkerTests.test_pid_limit_actually_rejects_more_processes) ... ok
test_real_fixture_and_anvil_results_match_native (test_worker.IsolatedWorkerTests.test_real_fixture_and_anvil_results_match_native) ... ok
test_runtime_has_python_and_anvil_without_shell_or_package_commands (test_worker.IsolatedWorkerTests.test_runtime_has_python_and_anvil_without_shell_or_package_commands) ... ok
test_tmpfs_space_and_noexec_are_enforced (test_worker.IsolatedWorkerTests.test_tmpfs_space_and_noexec_are_enforced) ... ok
test_detached_idle_worker_expires_without_host_cooperation (test_worker.WorkerLifetimeTests.test_detached_idle_worker_expires_without_host_cooperation) ... Independent idle deadline observed after 180.566 seconds
ok
test_lost_client_is_bounded_by_independent_worker_timer (test_worker.WorkerLifetimeTests.test_lost_client_is_bounded_by_independent_worker_timer) ... ok
test_sigterm_ends_idle_worker_and_removes_container (test_worker.WorkerLifetimeTests.test_sigterm_ends_idle_worker_and_removes_container) ... ok

----------------------------------------------------------------------
Ran 26 tests in 246.103s

OK
