test_agent_fault_or_cancellation_reaps_nodes (test_agent.ActualAgentAnvilTests.test_agent_fault_or_cancellation_reaps_nodes) ... ok
test_frozen_model_report_replays_exactly_without_calling_provider (test_agent.ActualAgentAnvilTests.test_frozen_model_report_replays_exactly_without_calling_provider) ... ok
test_future_changes_and_scenario_labels_do_not_reach_policy (test_agent.ActualAgentAnvilTests.test_future_changes_and_scenario_labels_do_not_reach_policy) ... ok
test_risk_avoids_revert_and_replays_exact_complete_artifact (test_agent.ActualAgentAnvilTests.test_risk_avoids_revert_and_replays_exact_complete_artifact) ... ok
test_gas_budget_enforced_even_when_policy_ignores_it (test_agent.AgentBoundaryTests.test_gas_budget_enforced_even_when_policy_ignores_it) ... ok
test_invalid_selection_fails_before_launch (test_agent.AgentBoundaryTests.test_invalid_selection_fails_before_launch) ... ok
test_malformed_preflight_is_not_success (test_agent.AgentBoundaryTests.test_malformed_preflight_is_not_success) ... ok
test_preflight_transport_failure_is_not_a_policy_rejection (test_agent.AgentBoundaryTests.test_preflight_transport_failure_is_not_a_policy_rejection) ... ok
test_provider_mutation_cannot_replace_transaction (test_agent.AgentBoundaryTests.test_provider_mutation_cannot_replace_transaction) ... ok
test_recording_bounds_exhaustion_and_unused_entries (test_agent.AgentBoundaryTests.test_recording_bounds_exhaustion_and_unused_entries) ... ok
test_rejected_preflight_records_no_provider_error_text (test_agent.AgentBoundaryTests.test_rejected_preflight_records_no_provider_error_text) ... ok
test_replay_checks_content_not_only_supplied_digest (test_agent.AgentBoundaryTests.test_replay_checks_content_not_only_supplied_digest) ... ok
test_strict_responses_and_observation_binding (test_agent.AgentBoundaryTests.test_strict_responses_and_observation_binding) ... ok
test_bad_recording_hash_and_scenario_are_rejected (test_agent_worker_protocol.AgentHostProtocolTests.test_bad_recording_hash_and_scenario_are_rejected) ... ok
test_bound_recording_is_accepted_and_owned_client_removed (test_agent_worker_protocol.AgentHostProtocolTests.test_bound_recording_is_accepted_and_owned_client_removed) ... ok
test_old_wrong_or_extra_envelope_is_rejected (test_agent_worker_protocol.AgentHostProtocolTests.test_old_wrong_or_extra_envelope_is_rejected) ... ok
test_oversized_recording_fails_before_launch (test_agent_worker_protocol.AgentHostProtocolTests.test_oversized_recording_fails_before_launch) ... ok
test_arbitrary_provider_object_is_not_a_public_argument (test_agent_worker_protocol.AgentWorkerProtocolTests.test_arbitrary_provider_object_is_not_a_public_argument) ... ok
test_default_agent_entrypoint_cannot_fall_back_to_native (test_agent_worker_protocol.AgentWorkerProtocolTests.test_default_agent_entrypoint_cannot_fall_back_to_native) ... ok
test_envelope_binds_result_to_entire_request (test_agent_worker_protocol.AgentWorkerProtocolTests.test_envelope_binds_result_to_entire_request) ... ok
test_fixture_cannot_select_an_agent (test_agent_worker_protocol.AgentWorkerProtocolTests.test_fixture_cannot_select_an_agent) ... ok
test_invalid_decision_configuration_fails_before_docker (test_agent_worker_protocol.AgentWorkerProtocolTests.test_invalid_decision_configuration_fails_before_docker) ... ok
test_native_provider_keeps_single_use_and_prelaunch_validation (test_agent_worker_protocol.AgentWorkerProtocolTests.test_native_provider_keeps_single_use_and_prelaunch_validation) ... ok
test_normal_worker_still_limits_input_to_256_kib (test_agent_worker_protocol.AgentWorkerProtocolTests.test_normal_worker_still_limits_input_to_256_kib) ... ok
test_worker_validates_unknown_or_oversized_requests_before_execution (test_agent_worker_protocol.AgentWorkerProtocolTests.test_worker_validates_unknown_or_oversized_requests_before_execution) ... ok
test_keyboard_cancellation_reaps_process_and_closes_port (test_anvil_lifecycle.AnvilLifecycleTests.test_keyboard_cancellation_reaps_process_and_closes_port) ... ok
test_missing_receipt_fails_whole_run_and_cleans_up (test_anvil_lifecycle.AnvilLifecycleTests.test_missing_receipt_fails_whole_run_and_cleans_up) ... ok
test_rejected_transaction_is_not_a_revert_or_success (test_anvil_lifecycle.AnvilLifecycleTests.test_rejected_transaction_is_not_a_revert_or_success) ... ok
test_rpc_fault_reaps_process_and_closes_port (test_anvil_lifecycle.AnvilLifecycleTests.test_rpc_fault_reaps_process_and_closes_port) ... ok
test_simultaneous_nodes_have_isolated_mutable_state (test_anvil_lifecycle.AnvilLifecycleTests.test_simultaneous_nodes_have_isolated_mutable_state) ... ok
test_startup_cancellation_reaps_real_subprocess (test_anvil_lifecycle.AnvilLifecycleTests.test_startup_cancellation_reaps_real_subprocess) ... ok
test_startup_timeout_reaps_real_subprocess (test_anvil_lifecycle.AnvilLifecycleTests.test_startup_timeout_reaps_real_subprocess) ... ok
test_auth (test_api.APITests.test_auth) ... ok
test_browser_request_rejected (test_api.APITests.test_browser_request_rejected) ... ok
test_concurrency_limit (test_api.APITests.test_concurrency_limit) ... ok
test_content_type (test_api.APITests.test_content_type) ... ok
test_dns_rebinding_guard (test_api.APITests.test_dns_rebinding_guard) ... ok
test_health (test_api.APITests.test_health) ... ok
test_invalid_scenario (test_api.APITests.test_invalid_scenario) ... ok
test_missing_report (test_api.APITests.test_missing_report) ... ok
test_path_traversal (test_api.APITests.test_path_traversal) ... ok
test_payload_limit (test_api.APITests.test_payload_limit) ... ok
test_report_filename_must_match_content_hash (test_api.APITests.test_report_filename_must_match_content_hash) ... ok
test_roundtrip (test_api.APITests.test_roundtrip) ... ok
test_absolute_deadline_closes_idle_socket_and_returns_capacity (test_api_limits.APILimitTests.test_absolute_deadline_closes_idle_socket_and_returns_capacity) ... ok
test_eight_idle_connections_bound_handlers_and_recover (test_api_limits.APILimitTests.test_eight_idle_connections_bound_handlers_and_recover) ... ok
test_exclusive_store_lock_returns_503_then_recovers (test_api_limits.APILimitTests.test_exclusive_store_lock_returns_503_then_recovers) ... ok
test_full_store_returns_507_and_retains_saved_report (test_api_limits.APILimitTests.test_full_store_returns_507_and_retains_saved_report) ... ok
test_overload_client_that_never_sends_cannot_block_accept_loop (test_api_limits.APILimitTests.test_overload_client_that_never_sends_cannot_block_accept_loop) ... ok
test_overload_response_survives_post_body_sent_after_headers (test_api_limits.APILimitTests.test_overload_response_survives_post_body_sent_after_headers) ... ok
test_oversized_stored_file_and_symlink_are_not_served (test_api_limits.APILimitTests.test_oversized_stored_file_and_symlink_are_not_served) ... ok
test_rejected_trickle_cannot_extend_accept_loop_grace (test_api_limits.APILimitTests.test_rejected_trickle_cannot_extend_accept_loop_grace) ... ok
test_slow_header_progress_does_not_extend_absolute_deadline (test_api_limits.APILimitTests.test_slow_header_progress_does_not_extend_absolute_deadline) ... ok
test_disk_failure_preserves_previous_report_and_removes_temp (test_artifact_storage.ArtifactWriteTests.test_disk_failure_preserves_previous_report_and_removes_temp) ... ok
test_oversized_export_does_not_replace_existing_report (test_artifact_storage.ArtifactWriteTests.test_oversized_export_does_not_replace_existing_report) ... ok
test_predictable_temp_symlink_is_not_followed (test_artifact_storage.ArtifactWriteTests.test_predictable_temp_symlink_is_not_followed) ... ok
test_cli_requires_native_and_never_defaults_to_worker (test_consumer_observations.ConsumerObservationTests.test_cli_requires_native_and_never_defaults_to_worker) ... ok
test_cli_stop_no_export (test_consumer_observations.ConsumerObservationTests.test_cli_stop_no_export) ... ok
test_empty_code_and_malformed_supported_getters_are_unproven (test_consumer_observations.ConsumerObservationTests.test_empty_code_and_malformed_supported_getters_are_unproven) ... ok
test_fifo_loader_refuses_without_blocking (test_consumer_observations.ConsumerObservationTests.test_fifo_loader_refuses_without_blocking) ... ok
test_fixed_dynamic_source_and_nine_reads_with_timeout_restore (test_consumer_observations.ConsumerObservationTests.test_fixed_dynamic_source_and_nine_reads_with_timeout_restore) ... ok
test_four_unique_phases_duplicate_and_fifth_never_read (test_consumer_observations.ConsumerObservationTests.test_four_unique_phases_duplicate_and_fifth_never_read) ... ok
test_fully_resealed_contradictions_refused (test_consumer_observations.ConsumerObservationTests.test_fully_resealed_contradictions_refused) ... ok
test_guard_restores_handlers_and_stops_signal (test_consumer_observations.ConsumerObservationTests.test_guard_restores_handlers_and_stops_signal) ... ok
test_hostile_error_finite_and_no_source_no_dependent_calls (test_consumer_observations.ConsumerObservationTests.test_hostile_error_finite_and_no_source_no_dependent_calls) ... ok
test_invalid_phase_and_deadline_refuse_before_rpc (test_consumer_observations.ConsumerObservationTests.test_invalid_phase_and_deadline_refuse_before_rpc) ... ok
test_late_success_does_not_continue_past_shared_deadline (test_consumer_observations.ConsumerObservationTests.test_late_success_does_not_continue_past_shared_deadline) ... ok
test_no_caller_callback_admission (test_consumer_observations.ConsumerObservationTests.test_no_caller_callback_admission) ... ok
test_read_completeness_separate_from_replay_verification (test_consumer_observations.ConsumerObservationTests.test_read_completeness_separate_from_replay_verification) ... ok
test_resealed_future_feed_metadata_is_explicitly_unproven (test_consumer_observations.ConsumerObservationTests.test_resealed_future_feed_metadata_is_explicitly_unproven) ... ok
test_resealed_initial_timestamp_mismatch_cannot_claim_complete_views (test_consumer_observations.ConsumerObservationTests.test_resealed_initial_timestamp_mismatch_cannot_claim_complete_views) ... ok
test_stop_through_actual_rpc_mapping_restores_timeout (test_consumer_observations.ConsumerObservationTests.test_stop_through_actual_rpc_mapping_restores_timeout) ... ok
test_strict_abi_and_code_bounds (test_consumer_observations.ConsumerObservationTests.test_strict_abi_and_code_bounds) ... ok
test_thread_context_refused_before_execution (test_consumer_observations.ConsumerObservationTests.test_thread_context_refused_before_execution) ... ok
test_unsupported_source_unit_and_unverified_replay_stay_unproven (test_consumer_observations.ConsumerObservationTests.test_unsupported_source_unit_and_unverified_replay_stay_unproven) ... ok
test_wrapper_receipt_preservation_classification_and_export (test_consumer_observations.ConsumerObservationTests.test_wrapper_receipt_preservation_classification_and_export) ... ok
test_actual_missing_aave_code_reads_unproven_without_replay_fallback (test_consumer_observations_evm.ConsumerObservationEVMTests.test_actual_missing_aave_code_reads_unproven_without_replay_fallback) ... ok
test_actual_sigterm_before_after_and_candidate_stop_cleanup (test_consumer_observations_evm.ConsumerObservationEVMTests.test_actual_sigterm_before_after_and_candidate_stop_cleanup) ... ok
test_real_cli_exports_verified_wrapper (test_consumer_observations_evm.ConsumerObservationEVMTests.test_real_cli_exports_verified_wrapper) ... ok
test_real_no_omission_reads_complete_with_zero_price_difference (test_consumer_observations_evm.ConsumerObservationEVMTests.test_real_no_omission_reads_complete_with_zero_price_difference) ... ok
test_real_paired_receipts_price_effect_and_exact_original_source (test_consumer_observations_evm.ConsumerObservationEVMTests.test_real_paired_receipts_price_effect_and_exact_original_source) ... ok
test_sealing_stop_occurs_after_real_owned_cleanup (test_consumer_observations_evm.ConsumerObservationEVMTests.test_sealing_stop_occurs_after_real_owned_cleanup) ... ok
test_api_default_rejects_missing_worker_without_saving_report (test_default_execution.DefaultExecutionTests.test_api_default_rejects_missing_worker_without_saving_report) ... ok
test_cli_default_rejects_missing_worker_without_replacing_export (test_default_execution.DefaultExecutionTests.test_cli_default_rejects_missing_worker_without_replacing_export) ... ok
test_native_requires_explicit_opt_in_and_preserves_fixture_result (test_default_execution.DefaultExecutionTests.test_native_requires_explicit_opt_in_and_preserves_fixture_result) ... ok
test_public_runner_never_falls_back_when_worker_is_unavailable (test_default_execution.DefaultExecutionTests.test_public_runner_never_falls_back_when_worker_is_unavailable) ... ok
test_scenario_fifo_is_rejected_without_waiting_for_a_writer (test_default_execution.DefaultExecutionTests.test_scenario_fifo_is_rejected_without_waiting_for_a_writer) ... ok
test_abi_unsigned_bounds (test_defi.DefiBoundaryTests.test_abi_unsigned_bounds) ... ok
test_approve_is_exact_amount_and_spender (test_defi.DefiBoundaryTests.test_approve_is_exact_amount_and_spender) ... ok
test_fixture_cannot_request_token_rpc_reads (test_defi.DefiBoundaryTests.test_fixture_cannot_request_token_rpc_reads) ... ok
test_nonstandard_token_does_not_silently_report_zero (test_defi.DefiBoundaryTests.test_nonstandard_token_does_not_silently_report_zero) ... ok
test_swap_encoding_matches_solidity_abi_tool (test_defi.DefiBoundaryTests.test_swap_encoding_matches_solidity_abi_tool) ... ok
test_token_metadata_bounds_and_uniqueness (test_defi.DefiBoundaryTests.test_token_metadata_bounds_and_uniqueness) ... ok
test_real_storage_and_token_deltas_are_branch_isolated (test_defi.RealTokenTests.test_real_storage_and_token_deltas_are_branch_isolated) ... ok
test_wrong_decimal_pin_fails_execution (test_defi.RealTokenTests.test_wrong_decimal_pin_fails_execution) ... ok
test_native_transfer_and_revert (test_engine.ActualAnvilTests.test_native_transfer_and_revert) ... ok
test_assumptions_visible (test_engine.FixtureTests.test_assumptions_visible) ... ok
test_breaker_sells_once (test_engine.FixtureTests.test_breaker_sells_once) ... ok
test_cost_accounting (test_engine.FixtureTests.test_cost_accounting) ... ok
test_deterministic (test_engine.FixtureTests.test_deterministic) ... ok
test_drawdown (test_engine.FixtureTests.test_drawdown) ... ok
test_flat_has_zero_drawdown (test_engine.FixtureTests.test_flat_has_zero_drawdown) ... ok
test_hold_value (test_engine.FixtureTests.test_hold_value) ... ok
test_input_unchanged (test_engine.FixtureTests.test_input_unchanged) ... ok
test_integrity (test_engine.FixtureTests.test_integrity) ... ok
test_missing_hash (test_engine.FixtureTests.test_missing_hash) ... ok
test_no_future_lookahead (test_engine.FixtureTests.test_no_future_lookahead) ... ok
test_nonfinite_hash (test_engine.FixtureTests.test_nonfinite_hash) ... ok
test_order_independent_hash (test_engine.FixtureTests.test_order_independent_hash) ... ok
test_policy_only_receives_observation (test_engine.FixtureTests.test_policy_only_receives_observation) ... ok
test_recovery_can_lose (test_engine.FixtureTests.test_recovery_can_lose) ... ok
test_same_policy_same_result (test_engine.FixtureTests.test_same_policy_same_result) ... ok
test_sell_after_observed_drop (test_engine.FixtureTests.test_sell_after_observed_drop) ... ok
test_shorter_prefix_same_actions (test_engine.FixtureTests.test_shorter_prefix_same_actions) ... ok
test_tamper (test_engine.FixtureTests.test_tamper) ... ok
test_wrong_version (test_engine.FixtureTests.test_wrong_version) ... ok
test_zero_units_cash_only (test_engine.FixtureTests.test_zero_units_cash_only) ... ok
test_local_cannot_submit_raw (test_engine.SafetyTests.test_local_cannot_submit_raw) ... ok
test_local_client_rejects_remote (test_engine.SafetyTests.test_local_client_rejects_remote) ... ok
test_missing_anvil_not_fake_success (test_engine.SafetyTests.test_missing_anvil_not_fake_success) ... ok
test_missing_rpc_not_fake_success (test_engine.SafetyTests.test_missing_rpc_not_fake_success) ... ok
test_no_upstream_transaction_submission (test_engine.SafetyTests.test_no_upstream_transaction_submission) ... ok
test_no_url_userinfo (test_engine.SafetyTests.test_no_url_userinfo) ... ok
test_pinned_block_mismatch (test_engine.SafetyTests.test_pinned_block_mismatch) ... ok
test_resolved_source_excludes_rpc_secret (test_engine.SafetyTests.test_resolved_source_excludes_rpc_secret) ... ok
test_source_chain_mismatch (test_engine.SafetyTests.test_source_chain_mismatch) ... ok
test_action_cannot_supply_from (test_engine.ValidationTests.test_action_cannot_supply_from) ... ok
test_bad_address (test_engine.ValidationTests.test_bad_address) ... ok
test_bool_not_integer (test_engine.ValidationTests.test_bool_not_integer) ... ok
test_case_aliased_local_contracts_are_rejected_before_node_launch (test_engine.ValidationTests.test_case_aliased_local_contracts_are_rejected_before_node_launch) ... ok
test_decimal_wei_rejected (test_engine.ValidationTests.test_decimal_wei_rejected) ... ok
test_empty_wallet (test_engine.ValidationTests.test_empty_wallet) ... ok
test_excessive_steps (test_engine.ValidationTests.test_excessive_steps) ... ok
test_fake_historical_fixture (test_engine.ValidationTests.test_fake_historical_fixture) ... ok
test_fixture_rejects_evm_fields (test_engine.ValidationTests.test_fixture_rejects_evm_fields) ... ok
test_float_money_rejected (test_engine.ValidationTests.test_float_money_rejected) ... ok
test_fork_rejects_code_override (test_engine.ValidationTests.test_fork_rejects_code_override) ... ok
test_fork_scenario (test_engine.ValidationTests.test_fork_scenario) ... ok
test_infinity (test_engine.ValidationTests.test_infinity) ... ok
test_local_scenario (test_engine.ValidationTests.test_local_scenario) ... ok
test_missing_provenance (test_engine.ValidationTests.test_missing_provenance) ... ok
test_nan (test_engine.ValidationTests.test_nan) ... ok
test_negative_money (test_engine.ValidationTests.test_negative_money) ... ok
test_odd_hex (test_engine.ValidationTests.test_odd_hex) ... ok
test_oversized_gas (test_engine.ValidationTests.test_oversized_gas) ... ok
test_precision_limit (test_engine.ValidationTests.test_precision_limit) ... ok
test_single_mixed_case_local_contract_is_preserved (test_engine.ValidationTests.test_single_mixed_case_local_contract_is_preserved) ... ok
test_target_allowlist (test_engine.ValidationTests.test_target_allowlist) ... ok
test_unknown_field (test_engine.ValidationTests.test_unknown_field) ... ok
test_unknown_policy (test_engine.ValidationTests.test_unknown_policy) ... ok
test_zero_price (test_engine.ValidationTests.test_zero_price) ... ok
test_aggregate_bytes_across_directories_and_replacement_peak (test_export_budget.ExportBudgetTests.test_aggregate_bytes_across_directories_and_replacement_peak) ... ok
test_changed_tracked_files_and_hard_links_cannot_hide_usage (test_export_budget.ExportBudgetTests.test_changed_tracked_files_and_hard_links_cannot_hide_usage) ... ok
test_default_count_rejects_129th_completed_export (test_export_budget.ExportBudgetTests.test_default_count_rejects_129th_completed_export) ... ok
test_destination_symlink_is_replaced_without_modifying_referent (test_export_budget.ExportBudgetTests.test_destination_symlink_is_replaced_without_modifying_referent) ... ok
test_failed_publish_preserves_previous_and_releases_reservation (test_export_budget.ExportBudgetTests.test_failed_publish_preserves_previous_and_releases_reservation) ... ok
test_file_count_and_manual_deletion_release_capacity (test_export_budget.ExportBudgetTests.test_file_count_and_manual_deletion_release_capacity) ... ok
test_inspection_lists_paths_and_over_budget_modified_content (test_export_budget.ExportBudgetTests.test_inspection_lists_paths_and_over_budget_modified_content) ... ok
test_invalid_or_oversized_bookkeeping_fails_closed (test_export_budget.ExportBudgetTests.test_invalid_or_oversized_bookkeeping_fails_closed) ... ok
test_parent_alias_does_not_double_charge_same_export (test_export_budget.ExportBudgetTests.test_parent_alias_does_not_double_charge_same_export) ... ok
test_private_state_and_reserved_files_are_required (test_export_budget.ExportBudgetTests.test_private_state_and_reserved_files_are_required) ... ok
test_production_byte_limit_rejects_seventeenth_eight_mib_export (test_export_budget.ExportBudgetTests.test_production_byte_limit_rejects_seventeenth_eight_mib_export) ... ok
test_reservation_failure_writes_no_output_bytes (test_export_budget.ExportBudgetTests.test_reservation_failure_writes_no_output_bytes) ... ok
test_sigkill_after_rename_recovers_exact_published_output (test_export_budget.ExportBudgetTests.test_sigkill_after_rename_recovers_exact_published_output) ... ok
test_sigkill_before_rename_keeps_temporary_bytes_charged (test_export_budget.ExportBudgetTests.test_sigkill_before_rename_keeps_temporary_bytes_charged) ... ok
test_two_real_processes_cannot_overrun_shared_budget (test_export_budget.ExportBudgetTests.test_two_real_processes_cannot_overrun_shared_budget) ... ok
test_complete_matching_inventory_with_current_database_passes (test_image_security.ImageSecurityPolicyTests.test_complete_matching_inventory_with_current_database_passes) ... ok
test_empty_partial_or_unsupported_os_coverage_fails (test_image_security.ImageSecurityPolicyTests.test_empty_partial_or_unsupported_os_coverage_fails) ... ok
test_every_finding_fails_including_low_unknown_and_unfixed (test_image_security.ImageSecurityPolicyTests.test_every_finding_fails_including_low_unknown_and_unfixed) ... ok
test_malformed_inventory_cannot_be_a_zero_finding_success (test_image_security.ImageSecurityPolicyTests.test_malformed_inventory_cannot_be_a_zero_finding_success) ... ok
test_modified_tool_is_rejected_before_execution (test_image_security.ImageSecurityPolicyTests.test_modified_tool_is_rejected_before_execution) ... ok
test_stale_future_expired_or_unversioned_database_fails (test_image_security.ImageSecurityPolicyTests.test_stale_future_expired_or_unversioned_database_fails) ... ok
test_wrong_image_type_scanner_or_schema_fails (test_image_security.ImageSecurityPolicyTests.test_wrong_image_type_scanner_or_schema_fails) ... ok
test_before_ready_cancellation_kills_known_owned_group (test_isolated.DockerMetadataTests.test_before_ready_cancellation_kills_known_owned_group) ... ok
test_closed_pipe_still_waits_within_deadline_and_retains_exit_status (test_isolated.DockerMetadataTests.test_closed_pipe_still_waits_within_deadline_and_retains_exit_status) ... ok
test_exact_limit_and_one_byte_overflow (test_isolated.DockerMetadataTests.test_exact_limit_and_one_byte_overflow) ... ok
test_flood_is_refused_promptly_and_client_group_exits (test_isolated.DockerMetadataTests.test_flood_is_refused_promptly_and_client_group_exits) ... ok
test_oversized_valid_daemon_info_is_refused_before_json_acceptance (test_isolated.DockerMetadataTests.test_oversized_valid_daemon_info_is_refused_before_json_acceptance) ... ok
test_production_timeout_kills_descendant_held_pipe (test_isolated.DockerMetadataTests.test_production_timeout_kills_descendant_held_pipe) ... ok
test_reader_cancellation_kills_owned_group (test_isolated.DockerMetadataTests.test_reader_cancellation_kills_owned_group) ... ok
test_admission_query_fails_closed (test_isolated.IsolatedProtocolTests.test_admission_query_fails_closed) ... ok
test_busy_preflight_does_not_launch_or_remove_another_owner (test_isolated.IsolatedProtocolTests.test_busy_preflight_does_not_launch_or_remove_another_owner) ... ok
test_cleanup_failure_is_explicit (test_isolated.IsolatedProtocolTests.test_cleanup_failure_is_explicit) ... ok
test_cleanup_never_removes_a_foreign_owner (test_isolated.IsolatedProtocolTests.test_cleanup_never_removes_a_foreign_owner) ... ok
test_created_worker_failure_is_not_misreported_as_busy (test_isolated.IsolatedProtocolTests.test_created_worker_failure_is_not_misreported_as_busy) ... ok
test_image_must_be_immutable_and_network_is_mode_bound (test_isolated.IsolatedProtocolTests.test_image_must_be_immutable_and_network_is_mode_bound) ... ok
test_input_budget_is_checked_before_launch (test_isolated.IsolatedProtocolTests.test_input_budget_is_checked_before_launch) ... ok
test_invalid_or_wrong_scenario_response_fails_closed (test_isolated.IsolatedProtocolTests.test_invalid_or_wrong_scenario_response_fails_closed) ... ok
test_late_cleanup_removes_immutable_id_not_replacement_name (test_isolated.IsolatedProtocolTests.test_late_cleanup_removes_immutable_id_not_replacement_name) ... ok
test_missing_kernel_controls_are_rejected (test_isolated.IsolatedProtocolTests.test_missing_kernel_controls_are_rejected) ... ok
test_output_budget_stops_reader_and_cleans_up (test_isolated.IsolatedProtocolTests.test_output_budget_stops_reader_and_cleans_up) ... ok
test_race_conflict_never_removes_winner (test_isolated.IsolatedProtocolTests.test_race_conflict_never_removes_winner) ... ok
test_timeout_before_creation_stops_client_without_removing_any_owner (test_isolated.IsolatedProtocolTests.test_timeout_before_creation_stops_client_without_removing_any_owner) ... ok
test_timeout_terminates_client_and_requests_container_removal (test_isolated.IsolatedProtocolTests.test_timeout_terminates_client_and_requests_container_removal) ... ok
test_valid_response_matches_and_removes_owned_container (test_isolated.IsolatedProtocolTests.test_valid_response_matches_and_removes_owned_container) ... ok
test_changed_binary_archive_commit_or_signed_inventory_fails (test_native_security.NativeSecurityPolicyTests.test_changed_binary_archive_commit_or_signed_inventory_fails) ... ok
test_complete_inventory_passes_and_lists_non_cargo_scope (test_native_security.NativeSecurityPolicyTests.test_complete_inventory_passes_and_lists_non_cargo_scope) ... ok
test_empty_report_wrong_schema_or_scanner_fails (test_native_security.NativeSecurityPolicyTests.test_empty_report_wrong_schema_or_scanner_fails) ... ok
test_every_severity_and_unfixed_finding_fails (test_native_security.NativeSecurityPolicyTests.test_every_severity_and_unfixed_finding_fails) ... ok
test_missing_duplicate_wrong_version_or_replaced_package_fails (test_native_security.NativeSecurityPolicyTests.test_missing_duplicate_wrong_version_or_replaced_package_fails) ... ok
test_payload_type_schema_and_base64_are_checked (test_native_security.NativeSecurityPolicyTests.test_payload_type_schema_and_base64_are_checked) ... ok
test_stale_future_naive_or_expired_database_fails (test_native_security.NativeSecurityPolicyTests.test_stale_future_naive_or_expired_database_fails) ... ok
test_anvil_optional_params_and_unsupported_method_id (test_parent_cache.ParentCacheTests.test_anvil_optional_params_and_unsupported_method_id) ... ok
test_cache_byte_and_call_caps_no_provider_fallback_value (test_parent_cache.ParentCacheTests.test_cache_byte_and_call_caps_no_provider_fallback_value) ... ok
test_cache_preserves_raw_result_and_binds_new_id (test_parent_cache.ParentCacheTests.test_cache_preserves_raw_result_and_binds_new_id) ... ok
test_checked_parent_header_and_misbound_refusal (test_parent_cache.ParentCacheTests.test_checked_parent_header_and_misbound_refusal) ... ok
test_deadline_releases_pending_owner_and_waiter_with_finite_errors (test_parent_cache.ParentCacheTests.test_deadline_releases_pending_owner_and_waiter_with_finite_errors) ... ok
test_deadline_terminates_without_owner_close (test_parent_cache.ParentCacheTests.test_deadline_terminates_without_owner_close) ... ok
test_distinct_pinned_reads_enter_real_provider_concurrently (test_parent_cache.ParentCacheTests.test_distinct_pinned_reads_enter_real_provider_concurrently) ... ok
test_errors_and_bad_wire_never_cached_or_leak (test_parent_cache.ParentCacheTests.test_errors_and_bad_wire_never_cached_or_leak) ... ok
test_full_method_params_key_and_only_parent_hash_cache (test_parent_cache.ParentCacheTests.test_full_method_params_key_and_only_parent_hash_cache) ... ok
test_http_timeout_returns_only_finite_error (test_parent_cache.ParentCacheTests.test_http_timeout_returns_only_finite_error) ... ok
test_invalid_startup_config_is_closed_without_provider_text (test_parent_cache.ParentCacheTests.test_invalid_startup_config_is_closed_without_provider_text) ... ok
test_matching_parent_header_coalesces_with_fresh_ids (test_parent_cache.ParentCacheTests.test_matching_parent_header_coalesces_with_fresh_ids) ... ok
test_null_and_oversized_successes_release_waiters_without_sharing (test_parent_cache.ParentCacheTests.test_null_and_oversized_successes_release_waiters_without_sharing) ... ok
test_oversized_entry_forwarded_without_cache (test_parent_cache.ParentCacheTests.test_oversized_entry_forwarded_without_cache) ... ok
test_owner_cancellation_releases_waiter_and_preserves_exact_exception (test_parent_cache.ParentCacheTests.test_owner_cancellation_releases_waiter_and_preserves_exact_exception) ... ok
test_owner_close_kills_blocked_handler_and_preserves_primary (test_parent_cache.ParentCacheTests.test_owner_close_kills_blocked_handler_and_preserves_primary) ... ok
test_owner_error_wakes_waiter_and_only_success_is_cached (test_parent_cache.ParentCacheTests.test_owner_error_wakes_waiter_and_only_success_is_cached) ... ok
test_pending_keys_are_bounded_without_discarding_admitted_reads (test_parent_cache.ParentCacheTests.test_pending_keys_are_bounded_without_discarding_admitted_reads) ... ok
test_receipt_and_volatile_reads_remain_independently_concurrent (test_parent_cache.ParentCacheTests.test_receipt_and_volatile_reads_remain_independently_concurrent) ... ok
test_receipt_fallback_always_forwards_without_cache (test_parent_cache.ParentCacheTests.test_receipt_fallback_always_forwards_without_cache) ... ok
test_request_limits_unknown_writes_and_duplicate_keys (test_parent_cache.ParentCacheTests.test_request_limits_unknown_writes_and_duplicate_keys) ... ok
test_same_key_waiter_admitted_during_read_and_coalesces_raw_result (test_parent_cache.ParentCacheTests.test_same_key_waiter_admitted_during_read_and_coalesces_raw_result) ... ok
test_strict_response_ids_duplicate_keys_and_untrusted_types (test_parent_cache.ParentCacheTests.test_strict_response_ids_duplicate_keys_and_untrusted_types) ... ok
test_wait_failure_still_kills_reaps_and_closes_owned_process (test_parent_cache.ParentCacheTests.test_wait_failure_still_kills_reaps_and_closes_owned_process) ... ok
test_exact_receipts_fewer_reads_and_no_source_repairs (test_parent_cache_native.ParentCacheNativeTests.test_exact_receipts_fewer_reads_and_no_source_repairs) ... ok
test_unmined_receipt_fallback_remains_unverified_and_uncached (test_parent_cache_native.ParentCacheNativeTests.test_unmined_receipt_fallback_remains_unverified_and_uncached) ... ok
test_lifetime_cannot_be_unbounded_or_nonfinite (test_process_guardian.GuardianInputTests.test_lifetime_cannot_be_unbounded_or_nonfinite) ... ok
test_killed_guardian_is_cleaned_by_owner_context (test_process_guardian.GuardianTests.test_killed_guardian_is_cleaned_by_owner_context) ... ok
test_lifetime_expires_without_owner_cooperation (test_process_guardian.GuardianTests.test_lifetime_expires_without_owner_cooperation) ... ok
test_ordinary_context_reaps_guardian_and_anvil (test_process_guardian.GuardianTests.test_ordinary_context_reaps_guardian_and_anvil) ... ok
test_sigterm_and_sigkill_owner_close_the_owned_node (test_process_guardian.GuardianTests.test_sigterm_and_sigkill_owner_close_the_owned_node) ... ok
test_build_and_runtime_dependencies_must_be_in_lock (test_quality_gates.QualityPolicyTests.test_build_and_runtime_dependencies_must_be_in_lock) ... ok
test_empty_partial_or_failed_scans_fail (test_quality_gates.QualityPolicyTests.test_empty_partial_or_failed_scans_fail) ... ok
test_locked_extras_are_counted_as_audited_packages (test_quality_gates.QualityPolicyTests.test_locked_extras_are_counted_as_audited_packages) ... ok
test_missing_review_reason_fails (test_quality_gates.QualityPolicyTests.test_missing_review_reason_fails) ... ok
test_new_or_disappeared_findings_fail (test_quality_gates.QualityPolicyTests.test_new_or_disappeared_findings_fail) ... ok
test_only_exact_reviewed_findings_pass (test_quality_gates.QualityPolicyTests.test_only_exact_reviewed_findings_pass) ... ok
test_optional_runtime_dependencies_are_not_missed (test_quality_gates.QualityPolicyTests.test_optional_runtime_dependencies_are_not_missed) ... ok
test_actual_http_timeout_and_error_responses_have_safe_codes_and_closed_ports (test_rpc_diagnostics.LoopbackRPCFailureTests.test_actual_http_timeout_and_error_responses_have_safe_codes_and_closed_ports) ... ok
test_actual_native_cli_explains_rpc_kind_without_private_provider_values (test_rpc_diagnostics.NativeTraceDiagnosticTests.test_actual_native_cli_explains_rpc_kind_without_private_provider_values) ... ok
test_default_worker_failure_envelope_stays_exact (test_rpc_diagnostics.NativeTraceDiagnosticTests.test_default_worker_failure_envelope_stays_exact) ... ok
test_native_boundary_ignores_forged_properties_and_raw_slot_values (test_rpc_diagnostics.NativeTraceDiagnosticTests.test_native_boundary_ignores_forged_properties_and_raw_slot_values) ... ok
test_error_message_and_data_are_never_echoed (test_rpc_diagnostics.RPCDiagnosticTests.test_error_message_and_data_are_never_echoed) ... ok
test_non_object_error_does_not_echo_untrusted_text (test_rpc_diagnostics.RPCDiagnosticTests.test_non_object_error_does_not_echo_untrusted_text) ... ok
test_untrusted_code_cannot_enter_diagnostics (test_rpc_diagnostics.RPCDiagnosticTests.test_untrusted_code_cannot_enter_diagnostics) ... ok
test_arbitrary_method_and_constructor_codes_cannot_enter_diagnostics (test_rpc_diagnostics.SafeRPCFailureTests.test_arbitrary_method_and_constructor_codes_cannot_enter_diagnostics) ... ok
test_hostile_exception_formatters_and_reason_access_are_never_required (test_rpc_diagnostics.SafeRPCFailureTests.test_hostile_exception_formatters_and_reason_access_are_never_required) ... ok
test_http_connection_and_tls_classification_without_private_fields (test_rpc_diagnostics.SafeRPCFailureTests.test_http_connection_and_tls_classification_without_private_fields) ... ok
test_http_protocol_and_incomplete_read_bytes_are_not_exposed_or_retained (test_rpc_diagnostics.SafeRPCFailureTests.test_http_protocol_and_incomplete_read_bytes_are_not_exposed_or_retained) ... ok
test_ordinary_upstream_and_local_still_deny_raw_broadcast (test_rpc_diagnostics.SafeRPCFailureTests.test_ordinary_upstream_and_local_still_deny_raw_broadcast) ... ok
test_owned_trace_method_diagnostics_allow_fixed_mine_only (test_rpc_diagnostics.SafeRPCFailureTests.test_owned_trace_method_diagnostics_allow_fixed_mine_only) ... ok
test_response_failures_and_rejection_are_distinct (test_rpc_diagnostics.SafeRPCFailureTests.test_response_failures_and_rejection_are_distinct) ... ok
test_timeout_types_do_not_require_error_messages (test_rpc_diagnostics.SafeRPCFailureTests.test_timeout_types_do_not_require_error_messages) ... ok
test_count_budget_and_full_store_idempotence (test_store.StoreTests.test_count_budget_and_full_store_idempotence) ... ok
test_default_128_mib_budget_counts_existing_and_crash_files (test_store.StoreTests.test_default_128_mib_budget_counts_existing_and_crash_files) ... ok
test_default_file_budget_counts_unrelated_files (test_store.StoreTests.test_default_file_budget_counts_unrelated_files) ... ok
test_exact_byte_budget_and_no_temporary_overrun (test_store.StoreTests.test_exact_byte_budget_and_no_temporary_overrun) ... ok
test_failed_atomic_replace_leaves_no_partial_artifact (test_store.StoreTests.test_failed_atomic_replace_leaves_no_partial_artifact) ... ok
test_oversized_report_and_read_are_rejected (test_store.StoreTests.test_oversized_report_and_read_are_rejected) ... ok
test_symlink_fifo_and_hash_mismatch_are_rejected (test_store.StoreTests.test_symlink_fifo_and_hash_mismatch_are_rejected) ... ok
test_two_real_processes_cannot_overrun_one_file_budget (test_store.StoreTests.test_two_real_processes_cannot_overrun_one_file_budget) ... ok
test_archive_failure_and_pin_divergence (test_trace.CanonicalLocalIntegration.test_archive_failure_and_pin_divergence) ... ok
test_error_inside_trace_context_closes_node (test_trace.CanonicalLocalIntegration.test_error_inside_trace_context_closes_node) ... ok
test_paired_replay_original_success_revert_and_logs (test_trace.CanonicalLocalIntegration.test_paired_replay_original_success_revert_and_logs) ... ok
test_real_signature_reconstruction_all_types (test_trace.CanonicalLocalIntegration.test_real_signature_reconstruction_all_types) ... ok
test_rejection_and_owned_node_cleanup (test_trace.CanonicalLocalIntegration.test_rejection_and_owned_node_cleanup) ... ok
test_failed_mine_restores_timeout_and_exits_owned_context (test_trace.TraceMineDeadlineTests.test_failed_mine_restores_timeout_and_exits_owned_context) ... ok
test_mine_never_gets_a_fresh_budget_when_deadline_is_near (test_trace.TraceMineDeadlineTests.test_mine_never_gets_a_fresh_budget_when_deadline_is_near) ... ok
test_slow_mine_uses_remaining_primitive_budget_then_restores_reads (test_trace.TraceMineDeadlineTests.test_slow_mine_uses_remaining_primitive_budget_then_restores_reads) ... ok
test_access_list_order_and_bounds (test_trace.TraceValidationTests.test_access_list_order_and_bounds) ... ok
test_caller_mutation_cannot_change_admitted_plan (test_trace.TraceValidationTests.test_caller_mutation_cannot_change_admitted_plan) ... ok
test_default_trace_has_no_native_fallback (test_trace.TraceValidationTests.test_default_trace_has_no_native_fallback) ... ok
test_exact_plan_boundaries (test_trace.TraceValidationTests.test_exact_plan_boundaries) ... ok
test_invalid_plan_refused_before_network_or_node (test_trace.TraceValidationTests.test_invalid_plan_refused_before_network_or_node) ... ok
test_legacy_and_typed_encoding_vectors (test_trace.TraceValidationTests.test_legacy_and_typed_encoding_vectors) ... ok
test_missing_archive_is_explicit (test_trace.TraceValidationTests.test_missing_archive_is_explicit) ... ok
test_missing_state_and_bad_source_never_substitute_fixture (test_trace.TraceValidationTests.test_missing_state_and_bad_source_never_substitute_fixture) ... ok
test_no_urls_code_or_source_guessing (test_trace.TraceValidationTests.test_no_urls_code_or_source_guessing) ... ok
test_normal_and_upstream_transports_still_refuse_raw (test_trace.TraceValidationTests.test_normal_and_upstream_transports_still_refuse_raw) ... ok
test_quantity_and_bytes (test_trace.TraceValidationTests.test_quantity_and_bytes) ... ok
test_receipt_compares_ordered_bytes_but_not_block_hash (test_trace.TraceValidationTests.test_receipt_compares_ordered_bytes_but_not_block_hash) ... ok
test_rlp_boundary_vectors (test_trace.TraceValidationTests.test_rlp_boundary_vectors) ... ok
test_unsupported_signatures_and_budgets (test_trace.TraceValidationTests.test_unsupported_signatures_and_budgets) ... ok
test_busy_slot_refuses_without_launch_or_foreign_cleanup (test_trace_diagnostic.DiagnosticHostTests.test_busy_slot_refuses_without_launch_or_foreign_cleanup) ... ok
test_cleanup_failure_preserves_primary_error_without_private_text (test_trace_diagnostic.DiagnosticHostTests.test_cleanup_failure_preserves_primary_error_without_private_text) ... ok
test_client_stop_failure_still_attempts_owner_cleanup (test_trace_diagnostic.DiagnosticHostTests.test_client_stop_failure_still_attempts_owner_cleanup) ... ok
test_client_wait_failure_closes_stdout_and_attempts_owner_cleanup (test_trace_diagnostic.DiagnosticHostTests.test_client_wait_failure_closes_stdout_and_attempts_owner_cleanup) ... ok
test_descendant_held_stdout_timeout_kills_owned_session (test_trace_diagnostic.DiagnosticHostTests.test_descendant_held_stdout_timeout_kills_owned_session) ... ok
test_invalid_or_unbound_stdout_is_not_copied_to_artifact (test_trace_diagnostic.DiagnosticHostTests.test_invalid_or_unbound_stdout_is_not_copied_to_artifact) ... ok
test_output_limit_stops_client_and_attempts_owner_cleanup (test_trace_diagnostic.DiagnosticHostTests.test_output_limit_stops_client_and_attempts_owner_cleanup) ... FAIL
test_valid_bound_failure_uses_shared_slot_and_owner_cleanup (test_trace_diagnostic.DiagnosticHostTests.test_valid_bound_failure_uses_shared_slot_and_owner_cleanup) ... ok
test_embedded_program_executes_invalid_input_with_finite_failure_json (test_trace_diagnostic.DiagnosticPrivacyTests.test_embedded_program_executes_invalid_input_with_finite_failure_json) ... ok
test_error_chain_retains_only_categories_and_integer_codes (test_trace_diagnostic.DiagnosticPrivacyTests.test_error_chain_retains_only_categories_and_integer_codes) ... ok
test_fixed_image_program_compiles_with_unchanged_shared_protocol_budget (test_trace_diagnostic.DiagnosticPrivacyTests.test_fixed_image_program_compiles_with_unchanged_shared_protocol_budget) ... ok
test_nested_error_category_does_not_require_optional_numeric_code (test_trace_diagnostic.DiagnosticPrivacyTests.test_nested_error_category_does_not_require_optional_numeric_code) ... ok
test_numeric_error_codes_are_strict_and_range_limited (test_trace_diagnostic.DiagnosticPrivacyTests.test_numeric_error_codes_are_strict_and_range_limited) ... ok
test_response_rejects_unbound_or_extra_dynamic_fields (test_trace_diagnostic.DiagnosticPrivacyTests.test_response_rejects_unbound_or_extra_dynamic_fields) ... ok
test_unknown_names_messages_cycles_and_deep_chains_are_bounded (test_trace_diagnostic.DiagnosticPrivacyTests.test_unknown_names_messages_cycles_and_deep_chains_are_bounded) ... ok
test_only_trace_profile_defers_pool_admission (test_trace_funding.TraceAdmissionProfileTests.test_only_trace_profile_defers_pool_admission) ... ok
test_invalid_signed_inputs_never_become_receipts (test_trace_funding.TraceFundingIntegrationTests.test_invalid_signed_inputs_never_become_receipts) ... ok
test_original_signed_funding_and_omission_same_block (test_trace_funding.TraceFundingIntegrationTests.test_original_signed_funding_and_omission_same_block) ... ok
test_replay_preserves_inputs_and_closes_owned_node (test_trace_funding.TraceFundingIntegrationTests.test_replay_preserves_inputs_and_closes_owned_node) ... ok
test_cleanup_failure_is_secondary_and_descriptor_still_closes (test_trace_observer.CollectorTests.test_cleanup_failure_is_secondary_and_descriptor_still_closes) ... ok
test_collector_deadline_kills_descendant_retaining_stdout (test_trace_observer.CollectorTests.test_collector_deadline_kills_descendant_retaining_stdout) ... ERROR
test_real_bound_guardian_row_is_collected_without_normal_report_mutation (test_trace_observer.CollectorTests.test_real_bound_guardian_row_is_collected_without_normal_report_mutation) ... ok
test_unsafe_and_unbound_output_is_discarded_with_secondary_error_only (test_trace_observer.CollectorTests.test_unsafe_and_unbound_output_is_discarded_with_secondary_error_only) ... ok
test_outer_envelope_rejects_unbound_reordered_or_extra_observer_rows (test_trace_observer.EmbeddedProtocolTests.test_outer_envelope_rejects_unbound_reordered_or_extra_observer_rows) ... ok
test_secondary_collector_error_preserves_primary_trace_failure (test_trace_observer.EmbeddedProtocolTests.test_secondary_collector_error_preserves_primary_trace_failure) ... ok
test_both_streams_bind_events_to_original_index_without_private_text (test_trace_observer.GuardianObserverTests.test_both_streams_bind_events_to_original_index_without_private_text) ... ok
test_descendant_held_pipe_closes_readers_but_marks_incomplete (test_trace_observer.GuardianObserverTests.test_descendant_held_pipe_closes_readers_but_marks_incomplete) ... ok
test_flood_cap_and_overlong_lines_explicitly_mark_incomplete (test_trace_observer.GuardianObserverTests.test_flood_cap_and_overlong_lines_explicitly_mark_incomplete) ... ok
test_original_lifetime_kills_term_ignoring_child (test_trace_observer.GuardianObserverTests.test_original_lifetime_kills_term_ignoring_child) ... ok
test_owner_eof_stops_original_guardian (test_trace_observer.GuardianObserverTests.test_owner_eof_stops_original_guardian) ... ok
test_reader_exception_is_finite_and_descriptor_closes (test_trace_observer.GuardianObserverTests.test_reader_exception_is_finite_and_descriptor_closes) ... ok
test_real_embedded_guardian_exit_seven_remains_readable (test_trace_observer.GuardianObserverTests.test_real_embedded_guardian_exit_seven_remains_readable) ... ok
test_row_rejects_resealed_unsafe_unbound_and_contradictory_data (test_trace_observer.GuardianObserverTests.test_row_rejects_resealed_unsafe_unbound_and_contradictory_data) ... ok
test_second_reader_start_failure_cleans_owned_node_and_descriptors (test_trace_observer.GuardianObserverTests.test_second_reader_start_failure_cleans_owned_node_and_descriptors) ... ok
test_missing_mining_storage_is_unverified_not_mined (test_trace_oracle.TraceOracleProviderIntegrationTests.test_missing_mining_storage_is_unverified_not_mined) ... ok
test_missing_parent_code_and_balance_refuse_without_fixture (test_trace_oracle.TraceOracleProviderIntegrationTests.test_missing_parent_code_and_balance_refuse_without_fixture) ... ok
test_original_signed_oracle_update_and_adverse_omission (test_trace_oracle.TraceOracleProviderIntegrationTests.test_original_signed_oracle_update_and_adverse_omission) ... ok
test_read_only_provider_control_matches_original (test_trace_oracle.TraceOracleProviderIntegrationTests.test_read_only_provider_control_matches_original) ... ok
test_timeout_and_output_limit_clean_owned_worker (test_trace_worker_protocol.TraceHostProtocolTests.test_timeout_and_output_limit_clean_owned_worker) ... ok
test_valid_response_binding_and_cleanup (test_trace_worker_protocol.TraceHostProtocolTests.test_valid_response_binding_and_cleanup) ... ok
test_wrong_extra_corrupt_and_resealed_foreign_plan (test_trace_worker_protocol.TraceHostProtocolTests.test_wrong_extra_corrupt_and_resealed_foreign_plan) ... ok
test_cli_bounded_default_and_explicit_native (test_trace_worker_protocol.TraceWorkerProtocolTests.test_cli_bounded_default_and_explicit_native) ... ok
test_exact_envelope_and_full_input_hash (test_trace_worker_protocol.TraceWorkerProtocolTests.test_exact_envelope_and_full_input_hash) ... ok
test_foreign_or_corrupt_artifact_refused (test_trace_worker_protocol.TraceWorkerProtocolTests.test_foreign_or_corrupt_artifact_refused) ... ok
test_input_file_size_type_and_version (test_trace_worker_protocol.TraceWorkerProtocolTests.test_input_file_size_type_and_version) ... ok
test_invalid_envelopes_cannot_launch_nodes (test_trace_worker_protocol.TraceWorkerProtocolTests.test_invalid_envelopes_cannot_launch_nodes) ... ok
test_blocked_download_obeys_whole_build_budget_and_preserves_manifest (test_worker_build.WorkerBuildTests.test_blocked_download_obeys_whole_build_budget_and_preserves_manifest) ... {"artifact_id": "9483fc6fff642f486094a3b913617d8716f4fd2e2f712c952db2d3efa557eef7", "execution_kind": "canonical_transaction_prefix_replay", "baseline_verified": false, "output": "unused"}
{"artifact_id": "9483fc6fff642f486094a3b913617d8716f4fd2e2f712c952db2d3efa557eef7", "execution_kind": "canonical_transaction_prefix_replay", "baseline_verified": false, "output": "unused"}
ok
test_corrupt_archive_is_rejected (test_worker_build.WorkerBuildTests.test_corrupt_archive_is_rejected) ... ok
test_deadline_checks_after_slow_read_before_writing (test_worker_build.WorkerBuildTests.test_deadline_checks_after_slow_read_before_writing) ... ok
test_early_failed_job_reaps_watchdog_before_signal_initialization (test_worker_build.WorkerBuildTests.test_early_failed_job_reaps_watchdog_before_signal_initialization) ... ok
test_endless_output_is_bounded_and_whole_deadline_cleans_session (test_worker_build.WorkerBuildTests.test_endless_output_is_bounded_and_whole_deadline_cleans_session) ... ok
test_endless_stream_cannot_fill_disk_or_request_unbounded_reads (test_worker_build.WorkerBuildTests.test_endless_stream_cannot_fill_disk_or_request_unbounded_reads) ... ok
test_exact_limit_is_accepted_and_hash_is_preserved (test_worker_build.WorkerBuildTests.test_exact_limit_is_accepted_and_hash_is_preserved) ... ok
test_fifo_without_writer_rejects_without_hanging (test_worker_build.WorkerBuildTests.test_fifo_without_writer_rejects_without_hanging) ... ok
test_invalid_budgets_are_rejected_before_allocating_resources (test_worker_build.WorkerBuildTests.test_invalid_budgets_are_rejected_before_allocating_resources) ... usage: build_worker [-h] [--archive ARCHIVE] [--output OUTPUT]
                    [--timeout-seconds TIMEOUT_SECONDS]
build_worker: error: --timeout-seconds must be greater than zero and at most 600
usage: build_worker [-h] [--archive ARCHIVE] [--output OUTPUT]
                    [--timeout-seconds TIMEOUT_SECONDS]
build_worker: error: --timeout-seconds must be greater than zero and at most 600
usage: build_worker [-h] [--archive ARCHIVE] [--output OUTPUT]
                    [--timeout-seconds TIMEOUT_SECONDS]
build_worker: error: --timeout-seconds must be greater than zero and at most 600
usage: build_worker [-h] [--archive ARCHIVE] [--output OUTPUT]
                    [--timeout-seconds TIMEOUT_SECONDS]
build_worker: error: --timeout-seconds must be greater than zero and at most 600
usage: build_worker [-h] [--archive ARCHIVE] [--output OUTPUT]
                    [--timeout-seconds TIMEOUT_SECONDS]
build_worker: error: --timeout-seconds must be greater than zero and at most 600
ok
test_local_regular_file_is_streamed_without_read_bytes (test_worker_build.WorkerBuildTests.test_local_regular_file_is_streamed_without_read_bytes) ... ok
test_manifest_failure_preserves_prior_bytes_without_temporary_files (test_worker_build.WorkerBuildTests.test_manifest_failure_preserves_prior_bytes_without_temporary_files) ... ok
test_native_block_cannot_delay_the_supervised_deadline (test_worker_build.WorkerBuildTests.test_native_block_cannot_delay_the_supervised_deadline) ... ok
test_noisy_command_has_bounded_diagnostics_and_preserves_failure (test_worker_build.WorkerBuildTests.test_noisy_command_has_bounded_diagnostics_and_preserves_failure) ... ok
test_oversized_archive_rejected_before_digest_or_extraction (test_worker_build.WorkerBuildTests.test_oversized_archive_rejected_before_digest_or_extraction) ... ok
test_owner_sigkill_closes_lifetime_pipe_and_stops_build_session (test_worker_build.WorkerBuildTests.test_owner_sigkill_closes_lifetime_pipe_and_stops_build_session) ... ok
test_real_stalled_http_body_is_interrupted (test_worker_build.WorkerBuildTests.test_real_stalled_http_body_is_interrupted) ... ok
test_sigterm_cancels_and_restores_process_handlers (test_worker_build.WorkerBuildTests.test_sigterm_cancels_and_restores_process_handlers) ... ok
test_timeout_kills_owned_command_and_term_ignoring_descendant (test_worker_build.WorkerBuildTests.test_timeout_kills_owned_command_and_term_ignoring_descendant) ... ok

======================================================================
ERROR: test_collector_deadline_kills_descendant_retaining_stdout (test_trace_observer.CollectorTests.test_collector_deadline_kills_descendant_retaining_stdout)
----------------------------------------------------------------------
Traceback (most recent call last):
  File "/workspace/Entrotter/.worktrees/engine-consumer-observations/tests/test_trace_observer.py", line 178, in test_collector_deadline_kills_descendant_retaining_stdout
    try:os.killpg(process.pid,signal.SIGKILL)
        ~~~~~~~~~^^^^^^^^^^^^^^^^^^^^^^^^^^^^
PermissionError: [Errno 1] Operation not permitted

======================================================================
FAIL: test_output_limit_stops_client_and_attempts_owner_cleanup (test_trace_diagnostic.DiagnosticHostTests.test_output_limit_stops_client_and_attempts_owner_cleanup)
----------------------------------------------------------------------
Traceback (most recent call last):
  File "/workspace/Entrotter/.worktrees/engine-consumer-observations/tests/test_trace_diagnostic.py", line 175, in test_output_limit_stops_client_and_attempts_owner_cleanup
    self.assertTrue(result['cleanup_verified'])
    ~~~~~~~~~~~~~~~^^^^^^^^^^^^^^^^^^^^^^^^^^^^
AssertionError: False is not true

----------------------------------------------------------------------
Ran 349 tests in 205.173s

FAILED (failures=1, errors=1)
