* Getting build dependencies for wheel...
running egg_info
creating src/entrotter_engine.egg-info
writing src/entrotter_engine.egg-info/PKG-INFO
writing dependency_links to src/entrotter_engine.egg-info/dependency_links.txt
writing top-level names to src/entrotter_engine.egg-info/top_level.txt
writing manifest file 'src/entrotter_engine.egg-info/SOURCES.txt'
reading manifest file 'src/entrotter_engine.egg-info/SOURCES.txt'
adding license file 'LICENSE'
writing manifest file 'src/entrotter_engine.egg-info/SOURCES.txt'
* Building wheel...
running bdist_wheel
running build
running build_py
creating build/lib/entrotter_engine
copying src/entrotter_engine/fixture.py -> build/lib/entrotter_engine
copying src/entrotter_engine/store.py -> build/lib/entrotter_engine
copying src/entrotter_engine/trace.py -> build/lib/entrotter_engine
copying src/entrotter_engine/runner.py -> build/lib/entrotter_engine
copying src/entrotter_engine/export_budget.py -> build/lib/entrotter_engine
copying src/entrotter_engine/evm.py -> build/lib/entrotter_engine
copying src/entrotter_engine/artifact.py -> build/lib/entrotter_engine
copying src/entrotter_engine/models.py -> build/lib/entrotter_engine
copying src/entrotter_engine/_parent_cache.py -> build/lib/entrotter_engine
copying src/entrotter_engine/isolated.py -> build/lib/entrotter_engine
copying src/entrotter_engine/__init__.py -> build/lib/entrotter_engine
copying src/entrotter_engine/api.py -> build/lib/entrotter_engine
copying src/entrotter_engine/rpc.py -> build/lib/entrotter_engine
copying src/entrotter_engine/consumer_observations.py -> build/lib/entrotter_engine
copying src/entrotter_engine/agent.py -> build/lib/entrotter_engine
copying src/entrotter_engine/_guardian.py -> build/lib/entrotter_engine
copying src/entrotter_engine/defi.py -> build/lib/entrotter_engine
copying src/entrotter_engine/parent_cache.py -> build/lib/entrotter_engine
copying src/entrotter_engine/__main__.py -> build/lib/entrotter_engine
copying src/entrotter_engine/worker_protocol.py -> build/lib/entrotter_engine
copying src/entrotter_engine/_isolated_worker.py -> build/lib/entrotter_engine
running egg_info
writing src/entrotter_engine.egg-info/PKG-INFO
writing dependency_links to src/entrotter_engine.egg-info/dependency_links.txt
writing top-level names to src/entrotter_engine.egg-info/top_level.txt
reading manifest file 'src/entrotter_engine.egg-info/SOURCES.txt'
adding license file 'LICENSE'
writing manifest file 'src/entrotter_engine.egg-info/SOURCES.txt'
installing to build/bdist.macosx-10.13-universal2/wheel
running install
running install_lib
creating build/bdist.macosx-10.13-universal2/wheel
creating build/bdist.macosx-10.13-universal2/wheel/entrotter_engine
copying build/lib/entrotter_engine/fixture.py -> build/bdist.macosx-10.13-universal2/wheel/./entrotter_engine
copying build/lib/entrotter_engine/store.py -> build/bdist.macosx-10.13-universal2/wheel/./entrotter_engine
copying build/lib/entrotter_engine/trace.py -> build/bdist.macosx-10.13-universal2/wheel/./entrotter_engine
copying build/lib/entrotter_engine/runner.py -> build/bdist.macosx-10.13-universal2/wheel/./entrotter_engine
copying build/lib/entrotter_engine/export_budget.py -> build/bdist.macosx-10.13-universal2/wheel/./entrotter_engine
copying build/lib/entrotter_engine/evm.py -> build/bdist.macosx-10.13-universal2/wheel/./entrotter_engine
copying build/lib/entrotter_engine/artifact.py -> build/bdist.macosx-10.13-universal2/wheel/./entrotter_engine
copying build/lib/entrotter_engine/models.py -> build/bdist.macosx-10.13-universal2/wheel/./entrotter_engine
copying build/lib/entrotter_engine/_parent_cache.py -> build/bdist.macosx-10.13-universal2/wheel/./entrotter_engine
copying build/lib/entrotter_engine/isolated.py -> build/bdist.macosx-10.13-universal2/wheel/./entrotter_engine
copying build/lib/entrotter_engine/__init__.py -> build/bdist.macosx-10.13-universal2/wheel/./entrotter_engine
copying build/lib/entrotter_engine/api.py -> build/bdist.macosx-10.13-universal2/wheel/./entrotter_engine
copying build/lib/entrotter_engine/rpc.py -> build/bdist.macosx-10.13-universal2/wheel/./entrotter_engine
copying build/lib/entrotter_engine/consumer_observations.py -> build/bdist.macosx-10.13-universal2/wheel/./entrotter_engine
copying build/lib/entrotter_engine/agent.py -> build/bdist.macosx-10.13-universal2/wheel/./entrotter_engine
copying build/lib/entrotter_engine/_guardian.py -> build/bdist.macosx-10.13-universal2/wheel/./entrotter_engine
copying build/lib/entrotter_engine/defi.py -> build/bdist.macosx-10.13-universal2/wheel/./entrotter_engine
copying build/lib/entrotter_engine/parent_cache.py -> build/bdist.macosx-10.13-universal2/wheel/./entrotter_engine
copying build/lib/entrotter_engine/__main__.py -> build/bdist.macosx-10.13-universal2/wheel/./entrotter_engine
copying build/lib/entrotter_engine/worker_protocol.py -> build/bdist.macosx-10.13-universal2/wheel/./entrotter_engine
copying build/lib/entrotter_engine/_isolated_worker.py -> build/bdist.macosx-10.13-universal2/wheel/./entrotter_engine
running install_egg_info
Copying src/entrotter_engine.egg-info to build/bdist.macosx-10.13-universal2/wheel/./entrotter_engine-0.1.0-py3.13.egg-info
running install_scripts
creating build/bdist.macosx-10.13-universal2/wheel/entrotter_engine-0.1.0.dist-info/WHEEL
creating '/workspace/Entrotter/.worktrees/engine-consumer-observations/.quality/owned-consumer-observations/wheels/.tmp-dpdi9fhz/entrotter_engine-0.1.0-py3-none-any.whl' and adding 'build/bdist.macosx-10.13-universal2/wheel' to it
adding 'entrotter_engine/__init__.py'
adding 'entrotter_engine/__main__.py'
adding 'entrotter_engine/_guardian.py'
adding 'entrotter_engine/_isolated_worker.py'
adding 'entrotter_engine/_parent_cache.py'
adding 'entrotter_engine/agent.py'
adding 'entrotter_engine/api.py'
adding 'entrotter_engine/artifact.py'
adding 'entrotter_engine/consumer_observations.py'
adding 'entrotter_engine/defi.py'
adding 'entrotter_engine/evm.py'
adding 'entrotter_engine/export_budget.py'
adding 'entrotter_engine/fixture.py'
adding 'entrotter_engine/isolated.py'
adding 'entrotter_engine/models.py'
adding 'entrotter_engine/parent_cache.py'
adding 'entrotter_engine/rpc.py'
adding 'entrotter_engine/runner.py'
adding 'entrotter_engine/store.py'
adding 'entrotter_engine/trace.py'
adding 'entrotter_engine/worker_protocol.py'
adding 'entrotter_engine-0.1.0.dist-info/licenses/LICENSE'
adding 'entrotter_engine-0.1.0.dist-info/METADATA'
adding 'entrotter_engine-0.1.0.dist-info/WHEEL'
adding 'entrotter_engine-0.1.0.dist-info/top_level.txt'
adding 'entrotter_engine-0.1.0.dist-info/RECORD'
removing build/bdist.macosx-10.13-universal2/wheel
Successfully built entrotter_engine-0.1.0-py3-none-any.whl
