evm	Verify real local Anvil without any mainnet keys	﻿2026-10-02T14:55:50.4777952Z ##[group]Run PYTHONPATH=src python -m unittest discover -s tests -v
evm	Verify real local Anvil without any mainnet keys	2026-10-02T14:55:50.4778889Z [36;1mPYTHONPATH=src python -m unittest discover -s tests -v[0m
evm	Verify real local Anvil without any mainnet keys	2026-10-02T14:55:50.5068651Z shell: /usr/bin/bash -e {0}
evm	Verify real local Anvil without any mainnet keys	2026-10-02T14:55:50.5068993Z env:
evm	Verify real local Anvil without any mainnet keys	2026-10-02T14:55:50.5069340Z   pythonLocation: /opt/hostedtoolcache/Python/3.12.14/x64
evm	Verify real local Anvil without any mainnet keys	2026-10-02T14:55:50.5069921Z   PKG_CONFIG_PATH: /opt/hostedtoolcache/Python/3.12.14/x64/lib/pkgconfig
evm	Verify real local Anvil without any mainnet keys	2026-10-02T14:55:50.5070479Z   Python_ROOT_DIR: /opt/hostedtoolcache/Python/3.12.14/x64
evm	Verify real local Anvil without any mainnet keys	2026-10-02T14:55:50.5070965Z   Python2_ROOT_DIR: /opt/hostedtoolcache/Python/3.12.14/x64
evm	Verify real local Anvil without any mainnet keys	2026-10-02T14:55:50.5071436Z   Python3_ROOT_DIR: /opt/hostedtoolcache/Python/3.12.14/x64
evm	Verify real local Anvil without any mainnet keys	2026-10-02T14:55:50.5071910Z   LD_LIBRARY_PATH: /opt/hostedtoolcache/Python/3.12.14/x64/lib
evm	Verify real local Anvil without any mainnet keys	2026-10-02T14:55:50.5072313Z ##[endgroup]
evm	Verify real local Anvil without any mainnet keys	2026-10-02T14:55:51.7535446Z test_agent_fault_or_cancellation_reaps_nodes (test_agent.ActualAgentAnvilTests.test_agent_fault_or_cancellation_reaps_nodes) ... ok
evm	Verify real local Anvil without any mainnet keys	2026-10-02T14:55:52.0427747Z test_frozen_model_report_replays_exactly_without_calling_provider (test_agent.ActualAgentAnvilTests.test_frozen_model_report_replays_exactly_without_calling_provider) ... ok
evm	Verify real local Anvil without any mainnet keys	2026-10-02T14:55:52.8706321Z test_future_changes_and_scenario_labels_do_not_reach_policy (test_agent.ActualAgentAnvilTests.test_future_changes_and_scenario_labels_do_not_reach_policy) ... ok
evm	Verify real local Anvil without any mainnet keys	2026-10-02T14:55:53.6987744Z test_risk_avoids_revert_and_replays_exact_complete_artifact (test_agent.ActualAgentAnvilTests.test_risk_avoids_revert_and_replays_exact_complete_artifact) ... ok
evm	Verify real local Anvil without any mainnet keys	2026-10-02T14:55:53.6992705Z test_gas_budget_enforced_even_when_policy_ignores_it (test_agent.AgentBoundaryTests.test_gas_budget_enforced_even_when_policy_ignores_it) ... ok
evm	Verify real local Anvil without any mainnet keys	2026-10-02T14:55:53.7002028Z test_invalid_selection_fails_before_launch (test_agent.AgentBoundaryTests.test_invalid_selection_fails_before_launch) ... ok
evm	Verify real local Anvil without any mainnet keys	2026-10-02T14:55:53.7015516Z test_malformed_preflight_is_not_success (test_agent.AgentBoundaryTests.test_malformed_preflight_is_not_success) ... ok
evm	Verify real local Anvil without any mainnet keys	2026-10-02T14:55:53.7020134Z test_preflight_transport_failure_is_not_a_policy_rejection (test_agent.AgentBoundaryTests.test_preflight_transport_failure_is_not_a_policy_rejection) ... ok
evm	Verify real local Anvil without any mainnet keys	2026-10-02T14:55:53.7025522Z test_provider_mutation_cannot_replace_transaction (test_agent.AgentBoundaryTests.test_provider_mutation_cannot_replace_transaction) ... ok
evm	Verify real local Anvil without any mainnet keys	2026-10-02T14:55:53.7033383Z test_recording_bounds_exhaustion_and_unused_entries (test_agent.AgentBoundaryTests.test_recording_bounds_exhaustion_and_unused_entries) ... ok
evm	Verify real local Anvil without any mainnet keys	2026-10-02T14:55:53.7036041Z test_rejected_preflight_records_no_provider_error_text (test_agent.AgentBoundaryTests.test_rejected_preflight_records_no_provider_error_text) ... ok
evm	Verify real local Anvil without any mainnet keys	2026-10-02T14:55:53.7042439Z test_replay_checks_content_not_only_supplied_digest (test_agent.AgentBoundaryTests.test_replay_checks_content_not_only_supplied_digest) ... ok
evm	Verify real local Anvil without any mainnet keys	2026-10-02T14:55:53.7048787Z test_strict_responses_and_observation_binding (test_agent.AgentBoundaryTests.test_strict_responses_and_observation_binding) ... ok
evm	Verify real local Anvil without any mainnet keys	2026-10-02T14:55:54.5798270Z test_bad_recording_hash_and_scenario_are_rejected (test_agent_worker_protocol.AgentHostProtocolTests.test_bad_recording_hash_and_scenario_are_rejected) ... ok
evm	Verify real local Anvil without any mainnet keys	2026-10-02T14:55:54.7287395Z test_bound_recording_is_accepted_and_owned_client_removed (test_agent_worker_protocol.AgentHostProtocolTests.test_bound_recording_is_accepted_and_owned_client_removed) ... ok
evm	Verify real local Anvil without any mainnet keys	2026-10-02T14:55:55.4602719Z test_old_wrong_or_extra_envelope_is_rejected (test_agent_worker_protocol.AgentHostProtocolTests.test_old_wrong_or_extra_envelope_is_rejected) ... ok
evm	Verify real local Anvil without any mainnet keys	2026-10-02T14:55:55.4737928Z test_oversized_recording_fails_before_launch (test_agent_worker_protocol.AgentHostProtocolTests.test_oversized_recording_fails_before_launch) ... ok
evm	Verify real local Anvil without any mainnet keys	2026-10-02T14:55:55.4743175Z test_arbitrary_provider_object_is_not_a_public_argument (test_agent_worker_protocol.AgentWorkerProtocolTests.test_arbitrary_provider_object_is_not_a_public_argument) ... ok
evm	Verify real local Anvil without any mainnet keys	2026-10-02T14:55:55.4750984Z test_default_agent_entrypoint_cannot_fall_back_to_native (test_agent_worker_protocol.AgentWorkerProtocolTests.test_default_agent_entrypoint_cannot_fall_back_to_native) ... ok
evm	Verify real local Anvil without any mainnet keys	2026-10-02T14:55:55.4759551Z test_envelope_binds_result_to_entire_request (test_agent_worker_protocol.AgentWorkerProtocolTests.test_envelope_binds_result_to_entire_request) ... ok
evm	Verify real local Anvil without any mainnet keys	2026-10-02T14:55:55.4762638Z test_fixture_cannot_select_an_agent (test_agent_worker_protocol.AgentWorkerProtocolTests.test_fixture_cannot_select_an_agent) ... ok
evm	Verify real local Anvil without any mainnet keys	2026-10-02T14:55:55.4794748Z test_invalid_decision_configuration_fails_before_docker (test_agent_worker_protocol.AgentWorkerProtocolTests.test_invalid_decision_configuration_fails_before_docker) ... ok
evm	Verify real local Anvil without any mainnet keys	2026-10-02T14:55:55.4804502Z test_native_provider_keeps_single_use_and_prelaunch_validation (test_agent_worker_protocol.AgentWorkerProtocolTests.test_native_provider_keeps_single_use_and_prelaunch_validation) ... ok
evm	Verify real local Anvil without any mainnet keys	2026-10-02T14:55:55.4817210Z test_normal_worker_still_limits_input_to_256_kib (test_agent_worker_protocol.AgentWorkerProtocolTests.test_normal_worker_still_limits_input_to_256_kib) ... ok
evm	Verify real local Anvil without any mainnet keys	2026-10-02T14:55:55.4839178Z test_worker_validates_unknown_or_oversized_requests_before_execution (test_agent_worker_protocol.AgentWorkerProtocolTests.test_worker_validates_unknown_or_oversized_requests_before_execution) ... ok
evm	Verify real local Anvil without any mainnet keys	2026-10-02T14:55:55.6143412Z test_keyboard_cancellation_reaps_process_and_closes_port (test_anvil_lifecycle.AnvilLifecycleTests.test_keyboard_cancellation_reaps_process_and_closes_port) ... ok
evm	Verify real local Anvil without any mainnet keys	2026-10-02T14:55:55.8813454Z test_missing_receipt_fails_whole_run_and_cleans_up (test_anvil_lifecycle.AnvilLifecycleTests.test_missing_receipt_fails_whole_run_and_cleans_up) ... ok
evm	Verify real local Anvil without any mainnet keys	2026-10-02T14:55:56.1454940Z test_rejected_transaction_is_not_a_revert_or_success (test_anvil_lifecycle.AnvilLifecycleTests.test_rejected_transaction_is_not_a_revert_or_success) ... ok
evm	Verify real local Anvil without any mainnet keys	2026-10-02T14:55:56.2891606Z test_rpc_fault_reaps_process_and_closes_port (test_anvil_lifecycle.AnvilLifecycleTests.test_rpc_fault_reaps_process_and_closes_port) ... ok
evm	Verify real local Anvil without any mainnet keys	2026-10-02T14:55:56.5462345Z test_simultaneous_nodes_have_isolated_mutable_state (test_anvil_lifecycle.AnvilLifecycleTests.test_simultaneous_nodes_have_isolated_mutable_state) ... ok
evm	Verify real local Anvil without any mainnet keys	2026-10-02T14:55:56.5812913Z test_startup_cancellation_reaps_real_subprocess (test_anvil_lifecycle.AnvilLifecycleTests.test_startup_cancellation_reaps_real_subprocess) ... ok
evm	Verify real local Anvil without any mainnet keys	2026-10-02T14:55:56.6165119Z test_startup_timeout_reaps_real_subprocess (test_anvil_lifecycle.AnvilLifecycleTests.test_startup_timeout_reaps_real_subprocess) ... ok
evm	Verify real local Anvil without any mainnet keys	2026-10-02T14:55:56.6241361Z test_auth (test_api.APITests.test_auth) ... ok
evm	Verify real local Anvil without any mainnet keys	2026-10-02T14:55:56.6252475Z test_browser_request_rejected (test_api.APITests.test_browser_request_rejected) ... ok
evm	Verify real local Anvil without any mainnet keys	2026-10-02T14:55:56.6262566Z test_concurrency_limit (test_api.APITests.test_concurrency_limit) ... ok
evm	Verify real local Anvil without any mainnet keys	2026-10-02T14:55:56.6272132Z test_content_type (test_api.APITests.test_content_type) ... ok
evm	Verify real local Anvil without any mainnet keys	2026-10-02T14:55:56.6281503Z test_dns_rebinding_guard (test_api.APITests.test_dns_rebinding_guard) ... ok
evm	Verify real local Anvil without any mainnet keys	2026-10-02T14:55:56.6291092Z test_health (test_api.APITests.test_health) ... ok
evm	Verify real local Anvil without any mainnet keys	2026-10-02T14:55:56.6302705Z test_invalid_scenario (test_api.APITests.test_invalid_scenario) ... ok
evm	Verify real local Anvil without any mainnet keys	2026-10-02T14:55:56.6313966Z test_missing_report (test_api.APITests.test_missing_report) ... ok
evm	Verify real local Anvil without any mainnet keys	2026-10-02T14:55:56.6323742Z test_path_traversal (test_api.APITests.test_path_traversal) ... ok
evm	Verify real local Anvil without any mainnet keys	2026-10-02T14:55:56.6333039Z test_payload_limit (test_api.APITests.test_payload_limit) ... ok
evm	Verify real local Anvil without any mainnet keys	2026-10-02T14:55:56.6352449Z test_report_filename_must_match_content_hash (test_api.APITests.test_report_filename_must_match_content_hash) ... ok
evm	Verify real local Anvil without any mainnet keys	2026-10-02T14:55:56.6407302Z test_roundtrip (test_api.APITests.test_roundtrip) ... ok
evm	Verify real local Anvil without any mainnet keys	2026-10-02T14:55:57.8449951Z test_absolute_deadline_closes_idle_socket_and_returns_capacity (test_api_limits.APILimitTests.test_absolute_deadline_closes_idle_socket_and_returns_capacity) ... ok
evm	Verify real local Anvil without any mainnet keys	2026-10-02T14:55:58.3512679Z test_eight_idle_connections_bound_handlers_and_recover (test_api_limits.APILimitTests.test_eight_idle_connections_bound_handlers_and_recover) ... ok
evm	Verify real local Anvil without any mainnet keys	2026-10-02T14:55:58.8555954Z test_exclusive_store_lock_returns_503_then_recovers (test_api_limits.APILimitTests.test_exclusive_store_lock_returns_503_then_recovers) ... ok
evm	Verify real local Anvil without any mainnet keys	2026-10-02T14:55:59.3636334Z test_full_store_returns_507_and_retains_saved_report (test_api_limits.APILimitTests.test_full_store_returns_507_and_retains_saved_report) ... ok
evm	Verify real local Anvil without any mainnet keys	2026-10-02T14:55:59.9696335Z test_overload_client_that_never_sends_cannot_block_accept_loop (test_api_limits.APILimitTests.test_overload_client_that_never_sends_cannot_block_accept_loop) ... ok
evm	Verify real local Anvil without any mainnet keys	2026-10-02T14:56:00.5058343Z test_overload_response_survives_post_body_sent_after_headers (test_api_limits.APILimitTests.test_overload_response_survives_post_body_sent_after_headers) ... ok
evm	Verify real local Anvil without any mainnet keys	2026-10-02T14:56:01.0094996Z test_oversized_stored_file_and_symlink_are_not_served (test_api_limits.APILimitTests.test_oversized_stored_file_and_symlink_are_not_served) ... ok
evm	Verify real local Anvil without any mainnet keys	2026-10-02T14:56:01.6155694Z test_rejected_trickle_cannot_extend_accept_loop_grace (test_api_limits.APILimitTests.test_rejected_trickle_cannot_extend_accept_loop_grace) ... ok
evm	Verify real local Anvil without any mainnet keys	2026-10-02T14:56:02.3697166Z test_slow_header_progress_does_not_extend_absolute_deadline (test_api_limits.APILimitTests.test_slow_header_progress_does_not_extend_absolute_deadline) ... ok
evm	Verify real local Anvil without any mainnet keys	2026-10-02T14:56:02.3756277Z test_disk_failure_preserves_previous_report_and_removes_temp (test_artifact_storage.ArtifactWriteTests.test_disk_failure_preserves_previous_report_and_removes_temp) ... ok
evm	Verify real local Anvil without any mainnet keys	2026-10-02T14:56:02.4482004Z test_oversized_export_does_not_replace_existing_report (test_artifact_storage.ArtifactWriteTests.test_oversized_export_does_not_replace_existing_report) ... ok
evm	Verify real local Anvil without any mainnet keys	2026-10-02T14:56:02.4519245Z test_predictable_temp_symlink_is_not_followed (test_artifact_storage.ArtifactWriteTests.test_predictable_temp_symlink_is_not_followed) ... ok
evm	Verify real local Anvil without any mainnet keys	2026-10-02T14:56:02.4612064Z test_cli_requires_native_and_never_defaults_to_worker (test_consumer_observations.ConsumerObservationTests.test_cli_requires_native_and_never_defaults_to_worker) ... ok
evm	Verify real local Anvil without any mainnet keys	2026-10-02T14:56:02.4630010Z test_cli_stop_no_export (test_consumer_observations.ConsumerObservationTests.test_cli_stop_no_export) ... ok
evm	Verify real local Anvil without any mainnet keys	2026-10-02T14:56:02.4684255Z test_empty_code_and_malformed_supported_getters_are_unproven (test_consumer_observations.ConsumerObservationTests.test_empty_code_and_malformed_supported_getters_are_unproven) ... ok
evm	Verify real local Anvil without any mainnet keys	2026-10-02T14:56:02.4687359Z test_fifo_loader_refuses_without_blocking (test_consumer_observations.ConsumerObservationTests.test_fifo_loader_refuses_without_blocking) ... ok
evm	Verify real local Anvil without any mainnet keys	2026-10-02T14:56:02.4691952Z test_fixed_dynamic_source_and_nine_reads_with_timeout_restore (test_consumer_observations.ConsumerObservationTests.test_fixed_dynamic_source_and_nine_reads_with_timeout_restore) ... ok
evm	Verify real local Anvil without any mainnet keys	2026-10-02T14:56:02.4699143Z test_four_unique_phases_duplicate_and_fifth_never_read (test_consumer_observations.ConsumerObservationTests.test_four_unique_phases_duplicate_and_fifth_never_read) ... ok
evm	Verify real local Anvil without any mainnet keys	2026-10-02T14:56:02.5688833Z test_fully_resealed_contradictions_refused (test_consumer_observations.ConsumerObservationTests.test_fully_resealed_contradictions_refused) ... ok
evm	Verify real local Anvil without any mainnet keys	2026-10-02T14:56:02.5690443Z test_guard_restores_handlers_and_stops_signal (test_consumer_observations.ConsumerObservationTests.test_guard_restores_handlers_and_stops_signal) ... ok
evm	Verify real local Anvil without any mainnet keys	2026-10-02T14:56:02.5692436Z test_hostile_error_finite_and_no_source_no_dependent_calls (test_consumer_observations.ConsumerObservationTests.test_hostile_error_finite_and_no_source_no_dependent_calls) ... ok
evm	Verify real local Anvil without any mainnet keys	2026-10-02T14:56:02.5694732Z test_invalid_phase_and_deadline_refuse_before_rpc (test_consumer_observations.ConsumerObservationTests.test_invalid_phase_and_deadline_refuse_before_rpc) ... ok
evm	Verify real local Anvil without any mainnet keys	2026-10-02T14:56:02.5699734Z test_late_success_does_not_continue_past_shared_deadline (test_consumer_observations.ConsumerObservationTests.test_late_success_does_not_continue_past_shared_deadline) ... ok
evm	Verify real local Anvil without any mainnet keys	2026-10-02T14:56:02.5701809Z test_no_caller_callback_admission (test_consumer_observations.ConsumerObservationTests.test_no_caller_callback_admission) ... ok
evm	Verify real local Anvil without any mainnet keys	2026-10-02T14:56:02.5875635Z test_read_completeness_separate_from_replay_verification (test_consumer_observations.ConsumerObservationTests.test_read_completeness_separate_from_replay_verification) ... ok
evm	Verify real local Anvil without any mainnet keys	2026-10-02T14:56:02.6094610Z test_resealed_future_feed_metadata_is_explicitly_unproven (test_consumer_observations.ConsumerObservationTests.test_resealed_future_feed_metadata_is_explicitly_unproven) ... ok
evm	Verify real local Anvil without any mainnet keys	2026-10-02T14:56:02.6315154Z test_resealed_initial_timestamp_mismatch_cannot_claim_complete_views (test_consumer_observations.ConsumerObservationTests.test_resealed_initial_timestamp_mismatch_cannot_claim_complete_views) ... ok
evm	Verify real local Anvil without any mainnet keys	2026-10-02T14:56:02.6502815Z test_stop_through_actual_rpc_mapping_restores_timeout (test_consumer_observations.ConsumerObservationTests.test_stop_through_actual_rpc_mapping_restores_timeout) ... ok
evm	Verify real local Anvil without any mainnet keys	2026-10-02T14:56:02.6538343Z test_strict_abi_and_code_bounds (test_consumer_observations.ConsumerObservationTests.test_strict_abi_and_code_bounds) ... ok
evm	Verify real local Anvil without any mainnet keys	2026-10-02T14:56:02.6544001Z test_thread_context_refused_before_execution (test_consumer_observations.ConsumerObservationTests.test_thread_context_refused_before_execution) ... ok
evm	Verify real local Anvil without any mainnet keys	2026-10-02T14:56:02.6675319Z test_unsupported_source_unit_and_unverified_replay_stay_unproven (test_consumer_observations.ConsumerObservationTests.test_unsupported_source_unit_and_unverified_replay_stay_unproven) ... ok
evm	Verify real local Anvil without any mainnet keys	2026-10-02T14:56:02.7188769Z test_wrapper_receipt_preservation_classification_and_export (test_consumer_observations.ConsumerObservationTests.test_wrapper_receipt_preservation_classification_and_export) ... ok
evm	Verify real local Anvil without any mainnet keys	2026-10-02T14:56:03.5260146Z test_actual_missing_aave_code_reads_unproven_without_replay_fallback (test_consumer_observations_evm.ConsumerObservationEVMTests.test_actual_missing_aave_code_reads_unproven_without_replay_fallback) ... {"scope":"owned_synthetic_test_failure_only","primary":"execution_error","last_view":["baseline","before"],"owned_nodes":1,"owned_caches":1,"cleanup_checks":[{"check":"anvil","closed":true},{"check":"cache","closed":true}],"cache_stats":[{"requests":13,"upstream":10,"hits":0,"entries":6,"bytes":3751,"uncached":3,"errors":8,"refused_handlers":13}],"upstream":[{"method":"eth_chainId","address_class":"none","requests":3,"errors":0,"exceptions":0},{"method":"eth_gasPrice","address_class":"none","requests":1,"errors":0,"exceptions":0},{"method":"eth_getBalance","address_class":"aave_oracle","requests":1,"errors":0,"exceptions":0},{"method":"eth_getBalance","address_class":"other","requests":1,"errors":0,"exceptions":0},{"method":"eth_getBlockByNumber","address_class":"other","requests":4,"errors":0,"exceptions":0},{"method":"eth_getCode","address_class":"aave_oracle","requests":1,"errors":1,"exceptions":0},{"method":"eth_getTransactionCount","address_class":"aave_oracle","requests":1,"errors":0,"exceptions":0},{"method":"eth_getTransactionCount","address_class":"other","requests":1,"errors":0,"exceptions":0},{"method":"eth_getTransactionReceipt","address_class":"other","requests":2,"errors":0,"exceptions":0}]}
evm	Verify real local Anvil without any mainnet keys	2026-10-02T14:56:03.5269133Z ERROR
evm	Verify real local Anvil without any mainnet keys	2026-10-02T14:56:06.3663752Z test_actual_sigterm_before_after_and_candidate_stop_cleanup (test_consumer_observations_evm.ConsumerObservationEVMTests.test_actual_sigterm_before_after_and_candidate_stop_cleanup) ... ok
evm	Verify real local Anvil without any mainnet keys	2026-10-02T14:56:06.9689236Z test_primary_baseline_observation_error_preserves_exception_and_cleanup (test_consumer_observations_evm.ConsumerObservationEVMTests.test_primary_baseline_observation_error_preserves_exception_and_cleanup) ... ok
evm	Verify real local Anvil without any mainnet keys	2026-10-02T14:56:08.1482943Z test_real_cli_exports_verified_wrapper (test_consumer_observations_evm.ConsumerObservationEVMTests.test_real_cli_exports_verified_wrapper) ... ok
evm	Verify real local Anvil without any mainnet keys	2026-10-02T14:56:09.3432690Z test_real_no_omission_reads_complete_with_zero_price_difference (test_consumer_observations_evm.ConsumerObservationEVMTests.test_real_no_omission_reads_complete_with_zero_price_difference) ... ok
evm	Verify real local Anvil without any mainnet keys	2026-10-02T14:56:10.4978489Z test_real_paired_receipts_price_effect_and_exact_original_source (test_consumer_observations_evm.ConsumerObservationEVMTests.test_real_paired_receipts_price_effect_and_exact_original_source) ... ok
evm	Verify real local Anvil without any mainnet keys	2026-10-02T14:56:11.6524433Z test_sealing_stop_occurs_after_real_owned_cleanup (test_consumer_observations_evm.ConsumerObservationEVMTests.test_sealing_stop_occurs_after_real_owned_cleanup) ... ok
evm	Verify real local Anvil without any mainnet keys	2026-10-02T14:56:12.4770320Z test_api_default_rejects_missing_worker_without_saving_report (test_default_execution.DefaultExecutionTests.test_api_default_rejects_missing_worker_without_saving_report) ... ok
evm	Verify real local Anvil without any mainnet keys	2026-10-02T14:56:12.5694604Z test_cli_default_rejects_missing_worker_without_replacing_export (test_default_execution.DefaultExecutionTests.test_cli_default_rejects_missing_worker_without_replacing_export) ... ok
evm	Verify real local Anvil without any mainnet keys	2026-10-02T14:56:12.6639639Z test_native_requires_explicit_opt_in_and_preserves_fixture_result (test_default_execution.DefaultExecutionTests.test_native_requires_explicit_opt_in_and_preserves_fixture_result) ... ok
evm	Verify real local Anvil without any mainnet keys	2026-10-02T14:56:12.6653416Z test_public_runner_never_falls_back_when_worker_is_unavailable (test_default_execution.DefaultExecutionTests.test_public_runner_never_falls_back_when_worker_is_unavailable) ... ok
evm	Verify real local Anvil without any mainnet keys	2026-10-02T14:56:12.7555570Z test_scenario_fifo_is_rejected_without_waiting_for_a_writer (test_default_execution.DefaultExecutionTests.test_scenario_fifo_is_rejected_without_waiting_for_a_writer) ... ok
evm	Verify real local Anvil without any mainnet keys	2026-10-02T14:56:12.7557976Z test_abi_unsigned_bounds (test_defi.DefiBoundaryTests.test_abi_unsigned_bounds) ... ok
evm	Verify real local Anvil without any mainnet keys	2026-10-02T14:56:12.7559723Z test_approve_is_exact_amount_and_spender (test_defi.DefiBoundaryTests.test_approve_is_exact_amount_and_spender) ... ok
evm	Verify real local Anvil without any mainnet keys	2026-10-02T14:56:12.7561375Z test_fixture_cannot_request_token_rpc_reads (test_defi.DefiBoundaryTests.test_fixture_cannot_request_token_rpc_reads) ... ok
evm	Verify real local Anvil without any mainnet keys	2026-10-02T14:56:12.7567304Z test_nonstandard_token_does_not_silently_report_zero (test_defi.DefiBoundaryTests.test_nonstandard_token_does_not_silently_report_zero) ... ok
evm	Verify real local Anvil without any mainnet keys	2026-10-02T14:56:12.7655648Z test_swap_encoding_matches_solidity_abi_tool (test_defi.DefiBoundaryTests.test_swap_encoding_matches_solidity_abi_tool) ... ok
evm	Verify real local Anvil without any mainnet keys	2026-10-02T14:56:12.7662441Z test_token_metadata_bounds_and_uniqueness (test_defi.DefiBoundaryTests.test_token_metadata_bounds_and_uniqueness) ... ok
evm	Verify real local Anvil without any mainnet keys	2026-10-02T14:56:13.0360357Z test_real_storage_and_token_deltas_are_branch_isolated (test_defi.RealTokenTests.test_real_storage_and_token_deltas_are_branch_isolated) ... ok
evm	Verify real local Anvil without any mainnet keys	2026-10-02T14:56:13.1665527Z test_wrong_decimal_pin_fails_execution (test_defi.RealTokenTests.test_wrong_decimal_pin_fails_execution) ... ok
evm	Verify real local Anvil without any mainnet keys	2026-10-02T14:56:13.4346447Z test_native_transfer_and_revert (test_engine.ActualAnvilTests.test_native_transfer_and_revert) ... ok
evm	Verify real local Anvil without any mainnet keys	2026-10-02T14:56:13.4352665Z test_assumptions_visible (test_engine.FixtureTests.test_assumptions_visible) ... ok
evm	Verify real local Anvil without any mainnet keys	2026-10-02T14:56:13.4357914Z test_breaker_sells_once (test_engine.FixtureTests.test_breaker_sells_once) ... ok
evm	Verify real local Anvil without any mainnet keys	2026-10-02T14:56:13.4363300Z test_cost_accounting (test_engine.FixtureTests.test_cost_accounting) ... ok
evm	Verify real local Anvil without any mainnet keys	2026-10-02T14:56:13.4372705Z test_deterministic (test_engine.FixtureTests.test_deterministic) ... ok
evm	Verify real local Anvil without any mainnet keys	2026-10-02T14:56:13.4376664Z test_drawdown (test_engine.FixtureTests.test_drawdown) ... ok
evm	Verify real local Anvil without any mainnet keys	2026-10-02T14:56:13.4380817Z test_flat_has_zero_drawdown (test_engine.FixtureTests.test_flat_has_zero_drawdown) ... ok
evm	Verify real local Anvil without any mainnet keys	2026-10-02T14:56:13.4385738Z test_hold_value (test_engine.FixtureTests.test_hold_value) ... ok
evm	Verify real local Anvil without any mainnet keys	2026-10-02T14:56:13.4391694Z test_input_unchanged (test_engine.FixtureTests.test_input_unchanged) ... ok
evm	Verify real local Anvil without any mainnet keys	2026-10-02T14:56:13.4397293Z test_integrity (test_engine.FixtureTests.test_integrity) ... ok
evm	Verify real local Anvil without any mainnet keys	2026-10-02T14:56:13.4398426Z test_missing_hash (test_engine.FixtureTests.test_missing_hash) ... ok
evm	Verify real local Anvil without any mainnet keys	2026-10-02T14:56:13.4405865Z test_no_future_lookahead (test_engine.FixtureTests.test_no_future_lookahead) ... ok
evm	Verify real local Anvil without any mainnet keys	2026-10-02T14:56:13.4406642Z test_nonfinite_hash (test_engine.FixtureTests.test_nonfinite_hash) ... ok
evm	Verify real local Anvil without any mainnet keys	2026-10-02T14:56:13.4407440Z test_order_independent_hash (test_engine.FixtureTests.test_order_independent_hash) ... ok
evm	Verify real local Anvil without any mainnet keys	2026-10-02T14:56:13.4408918Z test_policy_only_receives_observation (test_engine.FixtureTests.test_policy_only_receives_observation) ... ok
evm	Verify real local Anvil without any mainnet keys	2026-10-02T14:56:13.4413215Z test_recovery_can_lose (test_engine.FixtureTests.test_recovery_can_lose) ... ok
evm	Verify real local Anvil without any mainnet keys	2026-10-02T14:56:13.4418167Z test_same_policy_same_result (test_engine.FixtureTests.test_same_policy_same_result) ... ok
evm	Verify real local Anvil without any mainnet keys	2026-10-02T14:56:13.4423559Z test_sell_after_observed_drop (test_engine.FixtureTests.test_sell_after_observed_drop) ... ok
evm	Verify real local Anvil without any mainnet keys	2026-10-02T14:56:13.4431480Z test_shorter_prefix_same_actions (test_engine.FixtureTests.test_shorter_prefix_same_actions) ... ok
evm	Verify real local Anvil without any mainnet keys	2026-10-02T14:56:13.4437007Z test_tamper (test_engine.FixtureTests.test_tamper) ... ok
evm	Verify real local Anvil without any mainnet keys	2026-10-02T14:56:13.4437896Z test_wrong_version (test_engine.FixtureTests.test_wrong_version) ... ok
evm	Verify real local Anvil without any mainnet keys	2026-10-02T14:56:13.4442599Z test_zero_units_cash_only (test_engine.FixtureTests.test_zero_units_cash_only) ... ok
evm	Verify real local Anvil without any mainnet keys	2026-10-02T14:56:13.4622244Z test_local_cannot_submit_raw (test_engine.SafetyTests.test_local_cannot_submit_raw) ... ok
evm	Verify real local Anvil without any mainnet keys	2026-10-02T14:56:13.4623158Z test_local_client_rejects_remote (test_engine.SafetyTests.test_local_client_rejects_remote) ... ok
evm	Verify real local Anvil without any mainnet keys	2026-10-02T14:56:13.4628378Z test_missing_anvil_not_fake_success (test_engine.SafetyTests.test_missing_anvil_not_fake_success) ... ok
evm	Verify real local Anvil without any mainnet keys	2026-10-02T14:56:13.4637980Z test_missing_rpc_not_fake_success (test_engine.SafetyTests.test_missing_rpc_not_fake_success) ... ok
evm	Verify real local Anvil without any mainnet keys	2026-10-02T14:56:13.4814927Z test_no_upstream_transaction_submission (test_engine.SafetyTests.test_no_upstream_transaction_submission) ... ok
evm	Verify real local Anvil without any mainnet keys	2026-10-02T14:56:13.4816136Z test_no_url_userinfo (test_engine.SafetyTests.test_no_url_userinfo) ... ok
evm	Verify real local Anvil without any mainnet keys	2026-10-02T14:56:13.4885185Z test_pinned_block_mismatch (test_engine.SafetyTests.test_pinned_block_mismatch) ... ok
evm	Verify real local Anvil without any mainnet keys	2026-10-02T14:56:13.4897911Z test_resolved_source_excludes_rpc_secret (test_engine.SafetyTests.test_resolved_source_excludes_rpc_secret) ... ok
evm	Verify real local Anvil without any mainnet keys	2026-10-02T14:56:13.4910864Z test_source_chain_mismatch (test_engine.SafetyTests.test_source_chain_mismatch) ... ok
evm	Verify real local Anvil without any mainnet keys	2026-10-02T14:56:13.4913580Z test_action_cannot_supply_from (test_engine.ValidationTests.test_action_cannot_supply_from) ... ok
evm	Verify real local Anvil without any mainnet keys	2026-10-02T14:56:13.4915501Z test_bad_address (test_engine.ValidationTests.test_bad_address) ... ok
evm	Verify real local Anvil without any mainnet keys	2026-10-02T14:56:13.4917857Z test_bool_not_integer (test_engine.ValidationTests.test_bool_not_integer) ... ok
evm	Verify real local Anvil without any mainnet keys	2026-10-02T14:56:13.5086452Z test_case_aliased_local_contracts_are_rejected_before_node_launch (test_engine.ValidationTests.test_case_aliased_local_contracts_are_rejected_before_node_launch) ... ok
evm	Verify real local Anvil without any mainnet keys	2026-10-02T14:56:13.5088367Z test_decimal_wei_rejected (test_engine.ValidationTests.test_decimal_wei_rejected) ... ok
evm	Verify real local Anvil without any mainnet keys	2026-10-02T14:56:13.5090721Z test_empty_wallet (test_engine.ValidationTests.test_empty_wallet) ... ok
evm	Verify real local Anvil without any mainnet keys	2026-10-02T14:56:13.5093372Z test_excessive_steps (test_engine.ValidationTests.test_excessive_steps) ... ok
evm	Verify real local Anvil without any mainnet keys	2026-10-02T14:56:13.5095283Z test_fake_historical_fixture (test_engine.ValidationTests.test_fake_historical_fixture) ... ok
evm	Verify real local Anvil without any mainnet keys	2026-10-02T14:56:13.5096951Z test_fixture_rejects_evm_fields (test_engine.ValidationTests.test_fixture_rejects_evm_fields) ... ok
evm	Verify real local Anvil without any mainnet keys	2026-10-02T14:56:13.5099453Z test_float_money_rejected (test_engine.ValidationTests.test_float_money_rejected) ... ok
evm	Verify real local Anvil without any mainnet keys	2026-10-02T14:56:13.5101590Z test_fork_rejects_code_override (test_engine.ValidationTests.test_fork_rejects_code_override) ... ok
evm	Verify real local Anvil without any mainnet keys	2026-10-02T14:56:13.5103637Z test_fork_scenario (test_engine.ValidationTests.test_fork_scenario) ... ok
evm	Verify real local Anvil without any mainnet keys	2026-10-02T14:56:13.5104583Z test_infinity (test_engine.ValidationTests.test_infinity) ... ok
evm	Verify real local Anvil without any mainnet keys	2026-10-02T14:56:13.5106589Z test_local_scenario (test_engine.ValidationTests.test_local_scenario) ... ok
evm	Verify real local Anvil without any mainnet keys	2026-10-02T14:56:13.5108536Z test_missing_provenance (test_engine.ValidationTests.test_missing_provenance) ... ok
evm	Verify real local Anvil without any mainnet keys	2026-10-02T14:56:13.5109689Z test_nan (test_engine.ValidationTests.test_nan) ... ok
evm	Verify real local Anvil without any mainnet keys	2026-10-02T14:56:13.5110690Z test_negative_money (test_engine.ValidationTests.test_negative_money) ... ok
evm	Verify real local Anvil without any mainnet keys	2026-10-02T14:56:13.5111876Z test_odd_hex (test_engine.ValidationTests.test_odd_hex) ... ok
evm	Verify real local Anvil without any mainnet keys	2026-10-02T14:56:13.5114304Z test_oversized_gas (test_engine.ValidationTests.test_oversized_gas) ... ok
evm	Verify real local Anvil without any mainnet keys	2026-10-02T14:56:13.5115475Z test_precision_limit (test_engine.ValidationTests.test_precision_limit) ... ok
evm	Verify real local Anvil without any mainnet keys	2026-10-02T14:56:13.5118514Z test_single_mixed_case_local_contract_is_preserved (test_engine.ValidationTests.test_single_mixed_case_local_contract_is_preserved) ... ok
evm	Verify real local Anvil without any mainnet keys	2026-10-02T14:56:13.5120346Z test_target_allowlist (test_engine.ValidationTests.test_target_allowlist) ... ok
evm	Verify real local Anvil without any mainnet keys	2026-10-02T14:56:13.5122128Z test_unknown_field (test_engine.ValidationTests.test_unknown_field) ... ok
evm	Verify real local Anvil without any mainnet keys	2026-10-02T14:56:13.5124770Z test_unknown_policy (test_engine.ValidationTests.test_unknown_policy) ... ok
evm	Verify real local Anvil without any mainnet keys	2026-10-02T14:56:13.5126615Z test_zero_price (test_engine.ValidationTests.test_zero_price) ... ok
evm	Verify real local Anvil without any mainnet keys	2026-10-02T14:56:13.5209550Z test_aggregate_bytes_across_directories_and_replacement_peak (test_export_budget.ExportBudgetTests.test_aggregate_bytes_across_directories_and_replacement_peak) ... ok
evm	Verify real local Anvil without any mainnet keys	2026-10-02T14:56:13.5259925Z test_changed_tracked_files_and_hard_links_cannot_hide_usage (test_export_budget.ExportBudgetTests.test_changed_tracked_files_and_hard_links_cannot_hide_usage) ... ok
evm	Verify real local Anvil without any mainnet keys	2026-10-02T14:56:13.9325309Z test_default_count_rejects_129th_completed_export (test_export_budget.ExportBudgetTests.test_default_count_rejects_129th_completed_export) ... ok
evm	Verify real local Anvil without any mainnet keys	2026-10-02T14:56:13.9348229Z test_destination_symlink_is_replaced_without_modifying_referent (test_export_budget.ExportBudgetTests.test_destination_symlink_is_replaced_without_modifying_referent) ... ok
evm	Verify real local Anvil without any mainnet keys	2026-10-02T14:56:13.9385414Z test_failed_publish_preserves_previous_and_releases_reservation (test_export_budget.ExportBudgetTests.test_failed_publish_preserves_previous_and_releases_reservation) ... ok
evm	Verify real local Anvil without any mainnet keys	2026-10-02T14:56:13.9437840Z test_file_count_and_manual_deletion_release_capacity (test_export_budget.ExportBudgetTests.test_file_count_and_manual_deletion_release_capacity) ... ok
evm	Verify real local Anvil without any mainnet keys	2026-10-02T14:56:13.9467795Z test_inspection_lists_paths_and_over_budget_modified_content (test_export_budget.ExportBudgetTests.test_inspection_lists_paths_and_over_budget_modified_content) ... ok
evm	Verify real local Anvil without any mainnet keys	2026-10-02T14:56:13.9493857Z test_invalid_or_oversized_bookkeeping_fails_closed (test_export_budget.ExportBudgetTests.test_invalid_or_oversized_bookkeeping_fails_closed) ... ok
evm	Verify real local Anvil without any mainnet keys	2026-10-02T14:56:13.9517448Z test_parent_alias_does_not_double_charge_same_export (test_export_budget.ExportBudgetTests.test_parent_alias_does_not_double_charge_same_export) ... ok
evm	Verify real local Anvil without any mainnet keys	2026-10-02T14:56:13.9528653Z test_private_state_and_reserved_files_are_required (test_export_budget.ExportBudgetTests.test_private_state_and_reserved_files_are_required) ... ok
evm	Verify real local Anvil without any mainnet keys	2026-10-02T14:56:14.2678506Z test_production_byte_limit_rejects_seventeenth_eight_mib_export (test_export_budget.ExportBudgetTests.test_production_byte_limit_rejects_seventeenth_eight_mib_export) ... ok
evm	Verify real local Anvil without any mainnet keys	2026-10-02T14:56:14.2690232Z test_reservation_failure_writes_no_output_bytes (test_export_budget.ExportBudgetTests.test_reservation_failure_writes_no_output_bytes) ... ok
evm	Verify real local Anvil without any mainnet keys	2026-10-02T14:56:14.3027072Z test_sigkill_after_rename_recovers_exact_published_output (test_export_budget.ExportBudgetTests.test_sigkill_after_rename_recovers_exact_published_output) ... ok
evm	Verify real local Anvil without any mainnet keys	2026-10-02T14:56:14.3363066Z test_sigkill_before_rename_keeps_temporary_bytes_charged (test_export_budget.ExportBudgetTests.test_sigkill_before_rename_keeps_temporary_bytes_charged) ... ok
evm	Verify real local Anvil without any mainnet keys	2026-10-02T14:56:14.3721339Z test_two_real_processes_cannot_overrun_shared_budget (test_export_budget.ExportBudgetTests.test_two_real_processes_cannot_overrun_shared_budget) ... ok
evm	Verify real local Anvil without any mainnet keys	2026-10-02T14:56:14.3722990Z test_complete_matching_inventory_with_current_database_passes (test_image_security.ImageSecurityPolicyTests.test_complete_matching_inventory_with_current_database_passes) ... ok
evm	Verify real local Anvil without any mainnet keys	2026-10-02T14:56:14.3728444Z test_empty_partial_or_unsupported_os_coverage_fails (test_image_security.ImageSecurityPolicyTests.test_empty_partial_or_unsupported_os_coverage_fails) ... ok
evm	Verify real local Anvil without any mainnet keys	2026-10-02T14:56:14.3734748Z test_every_finding_fails_including_low_unknown_and_unfixed (test_image_security.ImageSecurityPolicyTests.test_every_finding_fails_including_low_unknown_and_unfixed) ... ok
evm	Verify real local Anvil without any mainnet keys	2026-10-02T14:56:14.3738508Z test_malformed_inventory_cannot_be_a_zero_finding_success (test_image_security.ImageSecurityPolicyTests.test_malformed_inventory_cannot_be_a_zero_finding_success) ... ok
evm	Verify real local Anvil without any mainnet keys	2026-10-02T14:56:14.3745761Z test_modified_tool_is_rejected_before_execution (test_image_security.ImageSecurityPolicyTests.test_modified_tool_is_rejected_before_execution) ... ok
evm	Verify real local Anvil without any mainnet keys	2026-10-02T14:56:14.3747948Z test_stale_future_expired_or_unversioned_database_fails (test_image_security.ImageSecurityPolicyTests.test_stale_future_expired_or_unversioned_database_fails) ... ok
evm	Verify real local Anvil without any mainnet keys	2026-10-02T14:56:14.3751179Z test_wrong_image_type_scanner_or_schema_fails (test_image_security.ImageSecurityPolicyTests.test_wrong_image_type_scanner_or_schema_fails) ... ok
evm	Verify real local Anvil without any mainnet keys	2026-10-02T14:56:14.4869697Z test_before_ready_cancellation_kills_known_owned_group (test_isolated.DockerMetadataTests.test_before_ready_cancellation_kills_known_owned_group) ... ok
evm	Verify real local Anvil without any mainnet keys	2026-10-02T14:56:14.6505166Z test_closed_pipe_still_waits_within_deadline_and_retains_exit_status (test_isolated.DockerMetadataTests.test_closed_pipe_still_waits_within_deadline_and_retains_exit_status) ... ok
evm	Verify real local Anvil without any mainnet keys	2026-10-02T14:56:14.6743050Z test_exact_limit_and_one_byte_overflow (test_isolated.DockerMetadataTests.test_exact_limit_and_one_byte_overflow) ... ok
evm	Verify real local Anvil without any mainnet keys	2026-10-02T14:56:14.6853071Z test_flood_is_refused_promptly_and_client_group_exits (test_isolated.DockerMetadataTests.test_flood_is_refused_promptly_and_client_group_exits) ... ok
evm	Verify real local Anvil without any mainnet keys	2026-10-02T14:56:14.7104594Z test_oversized_valid_daemon_info_is_refused_before_json_acceptance (test_isolated.DockerMetadataTests.test_oversized_valid_daemon_info_is_refused_before_json_acceptance) ... ok
evm	Verify real local Anvil without any mainnet keys	2026-10-02T14:56:24.7203891Z test_production_timeout_kills_descendant_held_pipe (test_isolated.DockerMetadataTests.test_production_timeout_kills_descendant_held_pipe) ... ok
evm	Verify real local Anvil without any mainnet keys	2026-10-02T14:56:25.0029482Z test_reader_cancellation_kills_owned_group (test_isolated.DockerMetadataTests.test_reader_cancellation_kills_owned_group) ... ok
evm	Verify real local Anvil without any mainnet keys	2026-10-02T14:56:25.0059737Z test_admission_query_fails_closed (test_isolated.IsolatedProtocolTests.test_admission_query_fails_closed) ... ok
evm	Verify real local Anvil without any mainnet keys	2026-10-02T14:56:25.0372795Z test_busy_preflight_does_not_launch_or_remove_another_owner (test_isolated.IsolatedProtocolTests.test_busy_preflight_does_not_launch_or_remove_another_owner) ... ok
evm	Verify real local Anvil without any mainnet keys	2026-10-02T14:56:25.0681790Z test_cleanup_failure_is_explicit (test_isolated.IsolatedProtocolTests.test_cleanup_failure_is_explicit) ... ok
evm	Verify real local Anvil without any mainnet keys	2026-10-02T14:56:25.1272776Z test_cleanup_never_removes_a_foreign_owner (test_isolated.IsolatedProtocolTests.test_cleanup_never_removes_a_foreign_owner) ... ok
evm	Verify real local Anvil without any mainnet keys	2026-10-02T14:56:25.2765817Z test_created_worker_failure_is_not_misreported_as_busy (test_isolated.IsolatedProtocolTests.test_created_worker_failure_is_not_misreported_as_busy) ... ok
evm	Verify real local Anvil without any mainnet keys	2026-10-02T14:56:25.2784177Z test_image_must_be_immutable_and_network_is_mode_bound (test_isolated.IsolatedProtocolTests.test_image_must_be_immutable_and_network_is_mode_bound) ... ok
evm	Verify real local Anvil without any mainnet keys	2026-10-02T14:56:25.2803410Z test_input_budget_is_checked_before_launch (test_isolated.IsolatedProtocolTests.test_input_budget_is_checked_before_launch) ... ok
evm	Verify real local Anvil without any mainnet keys	2026-10-02T14:56:25.7094563Z test_invalid_or_wrong_scenario_response_fails_closed (test_isolated.IsolatedProtocolTests.test_invalid_or_wrong_scenario_response_fails_closed) ... ok
evm	Verify real local Anvil without any mainnet keys	2026-10-02T14:56:25.7122227Z test_late_cleanup_removes_immutable_id_not_replacement_name (test_isolated.IsolatedProtocolTests.test_late_cleanup_removes_immutable_id_not_replacement_name) ... ok
evm	Verify real local Anvil without any mainnet keys	2026-10-02T14:56:25.7159855Z test_missing_kernel_controls_are_rejected (test_isolated.IsolatedProtocolTests.test_missing_kernel_controls_are_rejected) ... ok
evm	Verify real local Anvil without any mainnet keys	2026-10-02T14:56:25.8556076Z test_output_budget_stops_reader_and_cleans_up (test_isolated.IsolatedProtocolTests.test_output_budget_stops_reader_and_cleans_up) ... ok
evm	Verify real local Anvil without any mainnet keys	2026-10-02T14:56:25.9671281Z test_race_conflict_never_removes_winner (test_isolated.IsolatedProtocolTests.test_race_conflict_never_removes_winner) ... ok
evm	Verify real local Anvil without any mainnet keys	2026-10-02T14:56:26.2055120Z test_timeout_before_creation_stops_client_without_removing_any_owner (test_isolated.IsolatedProtocolTests.test_timeout_before_creation_stops_client_without_removing_any_owner) ... ok
evm	Verify real local Anvil without any mainnet keys	2026-10-02T14:56:26.7988403Z test_timeout_terminates_client_and_requests_container_removal (test_isolated.IsolatedProtocolTests.test_timeout_terminates_client_and_requests_container_removal) ... ok
evm	Verify real local Anvil without any mainnet keys	2026-10-02T14:56:26.9397690Z test_valid_response_matches_and_removes_owned_container (test_isolated.IsolatedProtocolTests.test_valid_response_matches_and_removes_owned_container) ... ok
evm	Verify real local Anvil without any mainnet keys	2026-10-02T14:56:26.9890248Z test_changed_binary_archive_commit_or_signed_inventory_fails (test_native_security.NativeSecurityPolicyTests.test_changed_binary_archive_commit_or_signed_inventory_fails) ... ok
evm	Verify real local Anvil without any mainnet keys	2026-10-02T14:56:26.9979470Z test_complete_inventory_passes_and_lists_non_cargo_scope (test_native_security.NativeSecurityPolicyTests.test_complete_inventory_passes_and_lists_non_cargo_scope) ... ok
evm	Verify real local Anvil without any mainnet keys	2026-10-02T14:56:27.0205172Z test_empty_report_wrong_schema_or_scanner_fails (test_native_security.NativeSecurityPolicyTests.test_empty_report_wrong_schema_or_scanner_fails) ... ok
evm	Verify real local Anvil without any mainnet keys	2026-10-02T14:56:27.0609333Z test_every_severity_and_unfixed_finding_fails (test_native_security.NativeSecurityPolicyTests.test_every_severity_and_unfixed_finding_fails) ... ok
evm	Verify real local Anvil without any mainnet keys	2026-10-02T14:56:27.0945723Z test_missing_duplicate_wrong_version_or_replaced_package_fails (test_native_security.NativeSecurityPolicyTests.test_missing_duplicate_wrong_version_or_replaced_package_fails) ... ok
evm	Verify real local Anvil without any mainnet keys	2026-10-02T14:56:27.1072548Z test_payload_type_schema_and_base64_are_checked (test_native_security.NativeSecurityPolicyTests.test_payload_type_schema_and_base64_are_checked) ... ok
evm	Verify real local Anvil without any mainnet keys	2026-10-02T14:56:27.1137817Z test_stale_future_naive_or_expired_database_fails (test_native_security.NativeSecurityPolicyTests.test_stale_future_naive_or_expired_database_fails) ... ok
evm	Verify real local Anvil without any mainnet keys	2026-10-02T14:56:27.7525104Z test_anvil_optional_params_and_unsupported_method_id (test_parent_cache.ParentCacheTests.test_anvil_optional_params_and_unsupported_method_id) ... ok
evm	Verify real local Anvil without any mainnet keys	2026-10-02T14:56:28.2899697Z test_cache_byte_and_call_caps_no_provider_fallback_value (test_parent_cache.ParentCacheTests.test_cache_byte_and_call_caps_no_provider_fallback_value) ... ok
evm	Verify real local Anvil without any mainnet keys	2026-10-02T14:56:28.9265388Z test_cache_preserves_raw_result_and_binds_new_id (test_parent_cache.ParentCacheTests.test_cache_preserves_raw_result_and_binds_new_id) ... ok
evm	Verify real local Anvil without any mainnet keys	2026-10-02T14:56:29.8720310Z test_checked_parent_header_and_misbound_refusal (test_parent_cache.ParentCacheTests.test_checked_parent_header_and_misbound_refusal) ... ok
evm	Verify real local Anvil without any mainnet keys	2026-10-02T14:56:30.4099082Z test_deadline_releases_pending_owner_and_waiter_with_finite_errors (test_parent_cache.ParentCacheTests.test_deadline_releases_pending_owner_and_waiter_with_finite_errors) ... ok
evm	Verify real local Anvil without any mainnet keys	2026-10-02T14:56:31.9122809Z test_deadline_terminates_without_owner_close (test_parent_cache.ParentCacheTests.test_deadline_terminates_without_owner_close) ... ok
evm	Verify real local Anvil without any mainnet keys	2026-10-02T14:56:32.4501634Z test_distinct_pinned_reads_enter_real_provider_concurrently (test_parent_cache.ParentCacheTests.test_distinct_pinned_reads_enter_real_provider_concurrently) ... ok
evm	Verify real local Anvil without any mainnet keys	2026-10-02T14:56:34.7349866Z test_errors_and_bad_wire_never_cached_or_leak (test_parent_cache.ParentCacheTests.test_errors_and_bad_wire_never_cached_or_leak) ... ok
evm	Verify real local Anvil without any mainnet keys	2026-10-02T14:56:35.7146051Z test_full_method_params_key_and_only_parent_hash_cache (test_parent_cache.ParentCacheTests.test_full_method_params_key_and_only_parent_hash_cache) ... ok
evm	Verify real local Anvil without any mainnet keys	2026-10-02T14:56:36.2673500Z test_http_timeout_returns_only_finite_error (test_parent_cache.ParentCacheTests.test_http_timeout_returns_only_finite_error) ... ok
evm	Verify real local Anvil without any mainnet keys	2026-10-02T14:56:36.7686932Z test_invalid_startup_config_is_closed_without_provider_text (test_parent_cache.ParentCacheTests.test_invalid_startup_config_is_closed_without_provider_text) ... ok
evm	Verify real local Anvil without any mainnet keys	2026-10-02T14:56:37.3066008Z test_matching_parent_header_coalesces_with_fresh_ids (test_parent_cache.ParentCacheTests.test_matching_parent_header_coalesces_with_fresh_ids) ... ok
evm	Verify real local Anvil without any mainnet keys	2026-10-02T14:56:37.8864169Z test_null_and_oversized_successes_release_waiters_without_sharing (test_parent_cache.ParentCacheTests.test_null_and_oversized_successes_release_waiters_without_sharing) ... ok
evm	Verify real local Anvil without any mainnet keys	2026-10-02T14:56:38.5556758Z test_oversized_entry_forwarded_without_cache (test_parent_cache.ParentCacheTests.test_oversized_entry_forwarded_without_cache) ... ok
evm	Verify real local Anvil without any mainnet keys	2026-10-02T14:56:39.0570830Z test_owner_cancellation_releases_waiter_and_preserves_exact_exception (test_parent_cache.ParentCacheTests.test_owner_cancellation_releases_waiter_and_preserves_exact_exception) ... ok
evm	Verify real local Anvil without any mainnet keys	2026-10-02T14:56:39.6948791Z test_owner_close_kills_blocked_handler_and_preserves_primary (test_parent_cache.ParentCacheTests.test_owner_close_kills_blocked_handler_and_preserves_primary) ... ok
evm	Verify real local Anvil without any mainnet keys	2026-10-02T14:56:40.2336829Z test_owner_error_wakes_waiter_and_only_success_is_cached (test_parent_cache.ParentCacheTests.test_owner_error_wakes_waiter_and_only_success_is_cached) ... ok
evm	Verify real local Anvil without any mainnet keys	2026-10-02T14:56:40.7771030Z test_pending_keys_are_bounded_without_discarding_admitted_reads (test_parent_cache.ParentCacheTests.test_pending_keys_are_bounded_without_discarding_admitted_reads) ... ok
evm	Verify real local Anvil without any mainnet keys	2026-10-02T14:56:41.4667310Z test_receipt_and_volatile_reads_remain_independently_concurrent (test_parent_cache.ParentCacheTests.test_receipt_and_volatile_reads_remain_independently_concurrent) ... ok
evm	Verify real local Anvil without any mainnet keys	2026-10-02T14:56:42.1255569Z test_receipt_fallback_always_forwards_without_cache (test_parent_cache.ParentCacheTests.test_receipt_fallback_always_forwards_without_cache) ... ok
evm	Verify real local Anvil without any mainnet keys	2026-10-02T14:56:42.6269634Z test_request_limits_unknown_writes_and_duplicate_keys (test_parent_cache.ParentCacheTests.test_request_limits_unknown_writes_and_duplicate_keys) ... ok
evm	Verify real local Anvil without any mainnet keys	2026-10-02T14:56:43.1649337Z test_same_key_waiter_admitted_during_read_and_coalesces_raw_result (test_parent_cache.ParentCacheTests.test_same_key_waiter_admitted_during_read_and_coalesces_raw_result) ... ok
evm	Verify real local Anvil without any mainnet keys	2026-10-02T14:56:43.6661422Z test_strict_response_ids_duplicate_keys_and_untrusted_types (test_parent_cache.ParentCacheTests.test_strict_response_ids_duplicate_keys_and_untrusted_types) ... ok
evm	Verify real local Anvil without any mainnet keys	2026-10-02T14:56:44.1674816Z test_wait_failure_still_kills_reaps_and_closes_owned_process (test_parent_cache.ParentCacheTests.test_wait_failure_still_kills_reaps_and_closes_owned_process) ... ok
evm	Verify real local Anvil without any mainnet keys	2026-10-02T14:56:47.4721683Z test_exact_receipts_fewer_reads_and_no_source_repairs (test_parent_cache_native.ParentCacheNativeTests.test_exact_receipts_fewer_reads_and_no_source_repairs) ... ok
evm	Verify real local Anvil without any mainnet keys	2026-10-02T14:56:50.3516703Z test_unmined_receipt_fallback_remains_unverified_and_uncached (test_parent_cache_native.ParentCacheNativeTests.test_unmined_receipt_fallback_remains_unverified_and_uncached) ... ok
evm	Verify real local Anvil without any mainnet keys	2026-10-02T14:56:50.3518873Z test_lifetime_cannot_be_unbounded_or_nonfinite (test_process_guardian.GuardianInputTests.test_lifetime_cannot_be_unbounded_or_nonfinite) ... ok
evm	Verify real local Anvil without any mainnet keys	2026-10-02T14:56:50.5236529Z test_killed_guardian_is_cleaned_by_owner_context (test_process_guardian.GuardianTests.test_killed_guardian_is_cleaned_by_owner_context) ... ok
evm	Verify real local Anvil without any mainnet keys	2026-10-02T14:56:51.5662079Z test_lifetime_expires_without_owner_cooperation (test_process_guardian.GuardianTests.test_lifetime_expires_without_owner_cooperation) ... ok
evm	Verify real local Anvil without any mainnet keys	2026-10-02T14:56:51.7049700Z test_ordinary_context_reaps_guardian_and_anvil (test_process_guardian.GuardianTests.test_ordinary_context_reaps_guardian_and_anvil) ... ok
evm	Verify real local Anvil without any mainnet keys	2026-10-02T14:56:52.1781558Z test_sigterm_and_sigkill_owner_close_the_owned_node (test_process_guardian.GuardianTests.test_sigterm_and_sigkill_owner_close_the_owned_node) ... ok
evm	Verify real local Anvil without any mainnet keys	2026-10-02T14:56:52.1789551Z test_build_and_runtime_dependencies_must_be_in_lock (test_quality_gates.QualityPolicyTests.test_build_and_runtime_dependencies_must_be_in_lock) ... ok
evm	Verify real local Anvil without any mainnet keys	2026-10-02T14:56:52.1791783Z test_empty_partial_or_failed_scans_fail (test_quality_gates.QualityPolicyTests.test_empty_partial_or_failed_scans_fail) ... ok
evm	Verify real local Anvil without any mainnet keys	2026-10-02T14:56:52.1794009Z test_locked_extras_are_counted_as_audited_packages (test_quality_gates.QualityPolicyTests.test_locked_extras_are_counted_as_audited_packages) ... ok
evm	Verify real local Anvil without any mainnet keys	2026-10-02T14:56:52.1796735Z test_missing_review_reason_fails (test_quality_gates.QualityPolicyTests.test_missing_review_reason_fails) ... ok
evm	Verify real local Anvil without any mainnet keys	2026-10-02T14:56:52.1798867Z test_new_or_disappeared_findings_fail (test_quality_gates.QualityPolicyTests.test_new_or_disappeared_findings_fail) ... ok
evm	Verify real local Anvil without any mainnet keys	2026-10-02T14:56:52.1800569Z test_only_exact_reviewed_findings_pass (test_quality_gates.QualityPolicyTests.test_only_exact_reviewed_findings_pass) ... ok
evm	Verify real local Anvil without any mainnet keys	2026-10-02T14:56:52.1802264Z test_optional_runtime_dependencies_are_not_missed (test_quality_gates.QualityPolicyTests.test_optional_runtime_dependencies_are_not_missed) ... ok
evm	Verify real local Anvil without any mainnet keys	2026-10-02T14:56:52.3974396Z test_actual_http_timeout_and_error_responses_have_safe_codes_and_closed_ports (test_rpc_diagnostics.LoopbackRPCFailureTests.test_actual_http_timeout_and_error_responses_have_safe_codes_and_closed_ports) ... ok
evm	Verify real local Anvil without any mainnet keys	2026-10-02T14:56:52.4219616Z test_actual_native_cli_explains_rpc_kind_without_private_provider_values (test_rpc_diagnostics.NativeTraceDiagnosticTests.test_actual_native_cli_explains_rpc_kind_without_private_provider_values) ... ok
evm	Verify real local Anvil without any mainnet keys	2026-10-02T14:56:52.4230384Z test_default_worker_failure_envelope_stays_exact (test_rpc_diagnostics.NativeTraceDiagnosticTests.test_default_worker_failure_envelope_stays_exact) ... ok
evm	Verify real local Anvil without any mainnet keys	2026-10-02T14:56:52.4787805Z test_native_boundary_ignores_forged_properties_and_raw_slot_values (test_rpc_diagnostics.NativeTraceDiagnosticTests.test_native_boundary_ignores_forged_properties_and_raw_slot_values) ... ok
evm	Verify real local Anvil without any mainnet keys	2026-10-02T14:56:52.4993533Z test_error_message_and_data_are_never_echoed (test_rpc_diagnostics.RPCDiagnosticTests.test_error_message_and_data_are_never_echoed) ... ok
evm	Verify real local Anvil without any mainnet keys	2026-10-02T14:56:52.5175927Z test_non_object_error_does_not_echo_untrusted_text (test_rpc_diagnostics.RPCDiagnosticTests.test_non_object_error_does_not_echo_untrusted_text) ... ok
evm	Verify real local Anvil without any mainnet keys	2026-10-02T14:56:52.5714931Z test_untrusted_code_cannot_enter_diagnostics (test_rpc_diagnostics.RPCDiagnosticTests.test_untrusted_code_cannot_enter_diagnostics) ... ok
evm	Verify real local Anvil without any mainnet keys	2026-10-02T14:56:52.5893695Z test_arbitrary_method_and_constructor_codes_cannot_enter_diagnostics (test_rpc_diagnostics.SafeRPCFailureTests.test_arbitrary_method_and_constructor_codes_cannot_enter_diagnostics) ... ok
evm	Verify real local Anvil without any mainnet keys	2026-10-02T14:56:52.6291978Z test_hostile_exception_formatters_and_reason_access_are_never_required (test_rpc_diagnostics.SafeRPCFailureTests.test_hostile_exception_formatters_and_reason_access_are_never_required) ... ok
evm	Verify real local Anvil without any mainnet keys	2026-10-02T14:56:52.7373035Z test_http_connection_and_tls_classification_without_private_fields (test_rpc_diagnostics.SafeRPCFailureTests.test_http_connection_and_tls_classification_without_private_fields) ... ok
evm	Verify real local Anvil without any mainnet keys	2026-10-02T14:56:52.7742257Z test_http_protocol_and_incomplete_read_bytes_are_not_exposed_or_retained (test_rpc_diagnostics.SafeRPCFailureTests.test_http_protocol_and_incomplete_read_bytes_are_not_exposed_or_retained) ... ok
evm	Verify real local Anvil without any mainnet keys	2026-10-02T14:56:52.8096645Z test_ordinary_upstream_and_local_still_deny_raw_broadcast (test_rpc_diagnostics.SafeRPCFailureTests.test_ordinary_upstream_and_local_still_deny_raw_broadcast) ... ok
evm	Verify real local Anvil without any mainnet keys	2026-10-02T14:56:52.8276153Z test_owned_trace_method_diagnostics_allow_fixed_mine_only (test_rpc_diagnostics.SafeRPCFailureTests.test_owned_trace_method_diagnostics_allow_fixed_mine_only) ... ok
evm	Verify real local Anvil without any mainnet keys	2026-10-02T14:56:52.9375480Z test_response_failures_and_rejection_are_distinct (test_rpc_diagnostics.SafeRPCFailureTests.test_response_failures_and_rejection_are_distinct) ... ok
evm	Verify real local Anvil without any mainnet keys	2026-10-02T14:56:52.9752845Z test_timeout_types_do_not_require_error_messages (test_rpc_diagnostics.SafeRPCFailureTests.test_timeout_types_do_not_require_error_messages) ... ok
evm	Verify real local Anvil without any mainnet keys	2026-10-02T14:56:52.9772465Z test_count_budget_and_full_store_idempotence (test_store.StoreTests.test_count_budget_and_full_store_idempotence) ... ok
evm	Verify real local Anvil without any mainnet keys	2026-10-02T14:56:52.9779037Z test_default_128_mib_budget_counts_existing_and_crash_files (test_store.StoreTests.test_default_128_mib_budget_counts_existing_and_crash_files) ... ok
evm	Verify real local Anvil without any mainnet keys	2026-10-02T14:56:52.9859793Z test_default_file_budget_counts_unrelated_files (test_store.StoreTests.test_default_file_budget_counts_unrelated_files) ... ok
evm	Verify real local Anvil without any mainnet keys	2026-10-02T14:56:52.9875779Z test_exact_byte_budget_and_no_temporary_overrun (test_store.StoreTests.test_exact_byte_budget_and_no_temporary_overrun) ... ok
evm	Verify real local Anvil without any mainnet keys	2026-10-02T14:56:52.9896741Z test_failed_atomic_replace_leaves_no_partial_artifact (test_store.StoreTests.test_failed_atomic_replace_leaves_no_partial_artifact) ... ok
evm	Verify real local Anvil without any mainnet keys	2026-10-02T14:56:53.0586352Z test_oversized_report_and_read_are_rejected (test_store.StoreTests.test_oversized_report_and_read_are_rejected) ... ok
evm	Verify real local Anvil without any mainnet keys	2026-10-02T14:56:53.0597535Z test_symlink_fifo_and_hash_mismatch_are_rejected (test_store.StoreTests.test_symlink_fifo_and_hash_mismatch_are_rejected) ... ok
evm	Verify real local Anvil without any mainnet keys	2026-10-02T14:56:53.2906381Z test_two_real_processes_cannot_overrun_one_file_budget (test_store.StoreTests.test_two_real_processes_cannot_overrun_one_file_budget) ... ok
evm	Verify real local Anvil without any mainnet keys	2026-10-02T14:56:54.0684126Z test_archive_failure_and_pin_divergence (test_trace.CanonicalLocalIntegration.test_archive_failure_and_pin_divergence) ... ok
evm	Verify real local Anvil without any mainnet keys	2026-10-02T14:56:54.2123257Z test_error_inside_trace_context_closes_node (test_trace.CanonicalLocalIntegration.test_error_inside_trace_context_closes_node) ... ok
evm	Verify real local Anvil without any mainnet keys	2026-10-02T14:56:54.2125877Z test_paired_replay_original_success_revert_and_logs (test_trace.CanonicalLocalIntegration.test_paired_replay_original_success_revert_and_logs) ... ok
evm	Verify real local Anvil without any mainnet keys	2026-10-02T14:56:54.2127700Z test_real_signature_reconstruction_all_types (test_trace.CanonicalLocalIntegration.test_real_signature_reconstruction_all_types) ... ok
evm	Verify real local Anvil without any mainnet keys	2026-10-02T14:56:54.3772830Z test_rejection_and_owned_node_cleanup (test_trace.CanonicalLocalIntegration.test_rejection_and_owned_node_cleanup) ... ok
evm	Verify real local Anvil without any mainnet keys	2026-10-02T14:56:54.3990066Z test_failed_mine_restores_timeout_and_exits_owned_context (test_trace.TraceMineDeadlineTests.test_failed_mine_restores_timeout_and_exits_owned_context) ... ok
evm	Verify real local Anvil without any mainnet keys	2026-10-02T14:56:54.4002726Z test_mine_never_gets_a_fresh_budget_when_deadline_is_near (test_trace.TraceMineDeadlineTests.test_mine_never_gets_a_fresh_budget_when_deadline_is_near) ... ok
evm	Verify real local Anvil without any mainnet keys	2026-10-02T14:56:54.4014727Z test_slow_mine_uses_remaining_primitive_budget_then_restores_reads (test_trace.TraceMineDeadlineTests.test_slow_mine_uses_remaining_primitive_budget_then_restores_reads) ... ok
evm	Verify real local Anvil without any mainnet keys	2026-10-02T14:56:54.4017217Z test_access_list_order_and_bounds (test_trace.TraceValidationTests.test_access_list_order_and_bounds) ... ok
evm	Verify real local Anvil without any mainnet keys	2026-10-02T14:56:54.4213453Z test_caller_mutation_cannot_change_admitted_plan (test_trace.TraceValidationTests.test_caller_mutation_cannot_change_admitted_plan) ... ok
evm	Verify real local Anvil without any mainnet keys	2026-10-02T14:56:54.4218383Z test_default_trace_has_no_native_fallback (test_trace.TraceValidationTests.test_default_trace_has_no_native_fallback) ... ok
evm	Verify real local Anvil without any mainnet keys	2026-10-02T14:56:54.4221378Z test_exact_plan_boundaries (test_trace.TraceValidationTests.test_exact_plan_boundaries) ... ok
evm	Verify real local Anvil without any mainnet keys	2026-10-02T14:56:54.4226210Z test_invalid_plan_refused_before_network_or_node (test_trace.TraceValidationTests.test_invalid_plan_refused_before_network_or_node) ... ok
evm	Verify real local Anvil without any mainnet keys	2026-10-02T14:56:54.4228274Z test_legacy_and_typed_encoding_vectors (test_trace.TraceValidationTests.test_legacy_and_typed_encoding_vectors) ... ok
evm	Verify real local Anvil without any mainnet keys	2026-10-02T14:56:54.4236455Z test_missing_archive_is_explicit (test_trace.TraceValidationTests.test_missing_archive_is_explicit) ... ok
evm	Verify real local Anvil without any mainnet keys	2026-10-02T14:56:54.4238437Z test_missing_state_and_bad_source_never_substitute_fixture (test_trace.TraceValidationTests.test_missing_state_and_bad_source_never_substitute_fixture) ... ok
evm	Verify real local Anvil without any mainnet keys	2026-10-02T14:56:54.4240470Z test_no_urls_code_or_source_guessing (test_trace.TraceValidationTests.test_no_urls_code_or_source_guessing) ... ok
evm	Verify real local Anvil without any mainnet keys	2026-10-02T14:56:54.5269897Z test_normal_and_upstream_transports_still_refuse_raw (test_trace.TraceValidationTests.test_normal_and_upstream_transports_still_refuse_raw) ... ok
evm	Verify real local Anvil without any mainnet keys	2026-10-02T14:56:54.5271469Z test_quantity_and_bytes (test_trace.TraceValidationTests.test_quantity_and_bytes) ... ok
evm	Verify real local Anvil without any mainnet keys	2026-10-02T14:56:54.5275247Z test_receipt_compares_ordered_bytes_but_not_block_hash (test_trace.TraceValidationTests.test_receipt_compares_ordered_bytes_but_not_block_hash) ... ok
evm	Verify real local Anvil without any mainnet keys	2026-10-02T14:56:54.5277230Z test_rlp_boundary_vectors (test_trace.TraceValidationTests.test_rlp_boundary_vectors) ... ok
evm	Verify real local Anvil without any mainnet keys	2026-10-02T14:56:54.5316026Z test_unsupported_signatures_and_budgets (test_trace.TraceValidationTests.test_unsupported_signatures_and_budgets) ... ok
evm	Verify real local Anvil without any mainnet keys	2026-10-02T14:56:54.5364625Z test_busy_slot_refuses_without_launch_or_foreign_cleanup (test_trace_diagnostic.DiagnosticHostTests.test_busy_slot_refuses_without_launch_or_foreign_cleanup) ... ok
evm	Verify real local Anvil without any mainnet keys	2026-10-02T14:56:54.5644947Z test_cleanup_failure_preserves_primary_error_without_private_text (test_trace_diagnostic.DiagnosticHostTests.test_cleanup_failure_preserves_primary_error_without_private_text) ... ok
evm	Verify real local Anvil without any mainnet keys	2026-10-02T14:56:54.5913211Z test_client_stop_failure_still_attempts_owner_cleanup (test_trace_diagnostic.DiagnosticHostTests.test_client_stop_failure_still_attempts_owner_cleanup) ... ok
evm	Verify real local Anvil without any mainnet keys	2026-10-02T14:56:54.6291446Z test_client_wait_failure_closes_stdout_and_attempts_owner_cleanup (test_trace_diagnostic.DiagnosticHostTests.test_client_wait_failure_closes_stdout_and_attempts_owner_cleanup) ... ok
evm	Verify real local Anvil without any mainnet keys	2026-10-02T14:56:55.0543540Z test_descendant_held_stdout_timeout_kills_owned_session (test_trace_diagnostic.DiagnosticHostTests.test_descendant_held_stdout_timeout_kills_owned_session) ... ok
evm	Verify real local Anvil without any mainnet keys	2026-10-02T14:56:55.1112651Z test_invalid_or_unbound_stdout_is_not_copied_to_artifact (test_trace_diagnostic.DiagnosticHostTests.test_invalid_or_unbound_stdout_is_not_copied_to_artifact) ... ok
evm	Verify real local Anvil without any mainnet keys	2026-10-02T14:56:55.1389854Z test_output_limit_stops_client_and_attempts_owner_cleanup (test_trace_diagnostic.DiagnosticHostTests.test_output_limit_stops_client_and_attempts_owner_cleanup) ... ok
evm	Verify real local Anvil without any mainnet keys	2026-10-02T14:56:55.1963174Z test_valid_bound_failure_uses_shared_slot_and_owner_cleanup (test_trace_diagnostic.DiagnosticHostTests.test_valid_bound_failure_uses_shared_slot_and_owner_cleanup) ... ok
evm	Verify real local Anvil without any mainnet keys	2026-10-02T14:56:55.4651254Z test_embedded_program_executes_invalid_input_with_finite_failure_json (test_trace_diagnostic.DiagnosticPrivacyTests.test_embedded_program_executes_invalid_input_with_finite_failure_json) ... ok
evm	Verify real local Anvil without any mainnet keys	2026-10-02T14:56:55.4653241Z test_error_chain_retains_only_categories_and_integer_codes (test_trace_diagnostic.DiagnosticPrivacyTests.test_error_chain_retains_only_categories_and_integer_codes) ... ok
evm	Verify real local Anvil without any mainnet keys	2026-10-02T14:56:55.4839170Z test_fixed_image_program_compiles_with_unchanged_shared_protocol_budget (test_trace_diagnostic.DiagnosticPrivacyTests.test_fixed_image_program_compiles_with_unchanged_shared_protocol_budget) ... ok
evm	Verify real local Anvil without any mainnet keys	2026-10-02T14:56:55.4841685Z test_nested_error_category_does_not_require_optional_numeric_code (test_trace_diagnostic.DiagnosticPrivacyTests.test_nested_error_category_does_not_require_optional_numeric_code) ... ok
evm	Verify real local Anvil without any mainnet keys	2026-10-02T14:56:55.4843880Z test_numeric_error_codes_are_strict_and_range_limited (test_trace_diagnostic.DiagnosticPrivacyTests.test_numeric_error_codes_are_strict_and_range_limited) ... ok
evm	Verify real local Anvil without any mainnet keys	2026-10-02T14:56:55.4845946Z test_response_rejects_unbound_or_extra_dynamic_fields (test_trace_diagnostic.DiagnosticPrivacyTests.test_response_rejects_unbound_or_extra_dynamic_fields) ... ok
evm	Verify real local Anvil without any mainnet keys	2026-10-02T14:56:55.4848319Z test_unknown_names_messages_cycles_and_deep_chains_are_bounded (test_trace_diagnostic.DiagnosticPrivacyTests.test_unknown_names_messages_cycles_and_deep_chains_are_bounded) ... ok
evm	Verify real local Anvil without any mainnet keys	2026-10-02T14:56:55.4859606Z test_only_trace_profile_defers_pool_admission (test_trace_funding.TraceAdmissionProfileTests.test_only_trace_profile_defers_pool_admission) ... ok
evm	Verify real local Anvil without any mainnet keys	2026-10-02T14:56:56.7666195Z test_invalid_signed_inputs_never_become_receipts (test_trace_funding.TraceFundingIntegrationTests.test_invalid_signed_inputs_never_become_receipts) ... ok
evm	Verify real local Anvil without any mainnet keys	2026-10-02T14:56:56.7669580Z test_original_signed_funding_and_omission_same_block (test_trace_funding.TraceFundingIntegrationTests.test_original_signed_funding_and_omission_same_block) ... ok
evm	Verify real local Anvil without any mainnet keys	2026-10-02T14:56:56.9235573Z test_replay_preserves_inputs_and_closes_owned_node (test_trace_funding.TraceFundingIntegrationTests.test_replay_preserves_inputs_and_closes_owned_node) ... ok
evm	Verify real local Anvil without any mainnet keys	2026-10-02T14:56:56.9474263Z test_cleanup_failure_is_secondary_and_descriptor_still_closes (test_trace_observer.CollectorTests.test_cleanup_failure_is_secondary_and_descriptor_still_closes) ... ok
evm	Verify real local Anvil without any mainnet keys	2026-10-02T14:57:00.0322926Z test_collector_deadline_kills_descendant_retaining_stdout (test_trace_observer.CollectorTests.test_collector_deadline_kills_descendant_retaining_stdout) ... ok
evm	Verify real local Anvil without any mainnet keys	2026-10-02T14:57:00.2111823Z test_real_bound_guardian_row_is_collected_without_normal_report_mutation (test_trace_observer.CollectorTests.test_real_bound_guardian_row_is_collected_without_normal_report_mutation) ... ok
evm	Verify real local Anvil without any mainnet keys	2026-10-02T14:57:00.2591514Z test_unsafe_and_unbound_output_is_discarded_with_secondary_error_only (test_trace_observer.CollectorTests.test_unsafe_and_unbound_output_is_discarded_with_secondary_error_only) ... ok
evm	Verify real local Anvil without any mainnet keys	2026-10-02T14:57:00.4360713Z test_outer_envelope_rejects_unbound_reordered_or_extra_observer_rows (test_trace_observer.EmbeddedProtocolTests.test_outer_envelope_rejects_unbound_reordered_or_extra_observer_rows) ... ok
evm	Verify real local Anvil without any mainnet keys	2026-10-02T14:57:00.5306662Z test_secondary_collector_error_preserves_primary_trace_failure (test_trace_observer.EmbeddedProtocolTests.test_secondary_collector_error_preserves_primary_trace_failure) ... ok
evm	Verify real local Anvil without any mainnet keys	2026-10-02T14:57:00.7076451Z test_both_streams_bind_events_to_original_index_without_private_text (test_trace_observer.GuardianObserverTests.test_both_streams_bind_events_to_original_index_without_private_text) ... ok
evm	Verify real local Anvil without any mainnet keys	2026-10-02T14:57:00.9377419Z test_descendant_held_pipe_closes_readers_but_marks_incomplete (test_trace_observer.GuardianObserverTests.test_descendant_held_pipe_closes_readers_but_marks_incomplete) ... ok
evm	Verify real local Anvil without any mainnet keys	2026-10-02T14:57:01.1140958Z test_flood_cap_and_overlong_lines_explicitly_mark_incomplete (test_trace_observer.GuardianObserverTests.test_flood_cap_and_overlong_lines_explicitly_mark_incomplete) ... ok
evm	Verify real local Anvil without any mainnet keys	2026-10-02T14:57:03.4971810Z test_original_lifetime_kills_term_ignoring_child (test_trace_observer.GuardianObserverTests.test_original_lifetime_kills_term_ignoring_child) ... ok
evm	Verify real local Anvil without any mainnet keys	2026-10-02T14:57:03.5730991Z test_owner_eof_stops_original_guardian (test_trace_observer.GuardianObserverTests.test_owner_eof_stops_original_guardian) ... ok
evm	Verify real local Anvil without any mainnet keys	2026-10-02T14:57:03.5735787Z test_reader_exception_is_finite_and_descriptor_closes (test_trace_observer.GuardianObserverTests.test_reader_exception_is_finite_and_descriptor_closes) ... ok
evm	Verify real local Anvil without any mainnet keys	2026-10-02T14:57:03.7492441Z test_real_embedded_guardian_exit_seven_remains_readable (test_trace_observer.GuardianObserverTests.test_real_embedded_guardian_exit_seven_remains_readable) ... ok
evm	Verify real local Anvil without any mainnet keys	2026-10-02T14:57:03.9259277Z test_row_rejects_resealed_unsafe_unbound_and_contradictory_data (test_trace_observer.GuardianObserverTests.test_row_rejects_resealed_unsafe_unbound_and_contradictory_data) ... ok
evm	Verify real local Anvil without any mainnet keys	2026-10-02T14:57:04.0028722Z test_second_reader_start_failure_cleans_owned_node_and_descriptors (test_trace_observer.GuardianObserverTests.test_second_reader_start_failure_cleans_owned_node_and_descriptors) ... ok
evm	Verify real local Anvil without any mainnet keys	2026-10-02T14:57:06.0782681Z test_missing_mining_storage_is_unverified_not_mined (test_trace_oracle.TraceOracleProviderIntegrationTests.test_missing_mining_storage_is_unverified_not_mined) ... ok
evm	Verify real local Anvil without any mainnet keys	2026-10-02T14:57:08.6063925Z test_missing_parent_code_and_balance_refuse_without_fixture (test_trace_oracle.TraceOracleProviderIntegrationTests.test_missing_parent_code_and_balance_refuse_without_fixture) ... ok
evm	Verify real local Anvil without any mainnet keys	2026-10-02T14:57:08.6083842Z test_original_signed_oracle_update_and_adverse_omission (test_trace_oracle.TraceOracleProviderIntegrationTests.test_original_signed_oracle_update_and_adverse_omission) ... ok
evm	Verify real local Anvil without any mainnet keys	2026-10-02T14:57:09.8608548Z test_read_only_provider_control_matches_original (test_trace_oracle.TraceOracleProviderIntegrationTests.test_read_only_provider_control_matches_original) ... ok
evm	Verify real local Anvil without any mainnet keys	2026-10-02T14:57:10.2878350Z test_timeout_and_output_limit_clean_owned_worker (test_trace_worker_protocol.TraceHostProtocolTests.test_timeout_and_output_limit_clean_owned_worker) ... ok
evm	Verify real local Anvil without any mainnet keys	2026-10-02T14:57:10.4313472Z test_valid_response_binding_and_cleanup (test_trace_worker_protocol.TraceHostProtocolTests.test_valid_response_binding_and_cleanup) ... ok
evm	Verify real local Anvil without any mainnet keys	2026-10-02T14:57:11.4348764Z test_wrong_extra_corrupt_and_resealed_foreign_plan (test_trace_worker_protocol.TraceHostProtocolTests.test_wrong_extra_corrupt_and_resealed_foreign_plan) ... ok
evm	Verify real local Anvil without any mainnet keys	2026-10-02T14:57:11.4392784Z test_cli_bounded_default_and_explicit_native (test_trace_worker_protocol.TraceWorkerProtocolTests.test_cli_bounded_default_and_explicit_native) ... ok
evm	Verify real local Anvil without any mainnet keys	2026-10-02T14:57:11.4396510Z test_exact_envelope_and_full_input_hash (test_trace_worker_protocol.TraceWorkerProtocolTests.test_exact_envelope_and_full_input_hash) ... ok
evm	Verify real local Anvil without any mainnet keys	2026-10-02T14:57:11.4403112Z test_foreign_or_corrupt_artifact_refused (test_trace_worker_protocol.TraceWorkerProtocolTests.test_foreign_or_corrupt_artifact_refused) ... ok
evm	Verify real local Anvil without any mainnet keys	2026-10-02T14:57:11.4414512Z test_input_file_size_type_and_version (test_trace_worker_protocol.TraceWorkerProtocolTests.test_input_file_size_type_and_version) ... ok
evm	Verify real local Anvil without any mainnet keys	2026-10-02T14:57:11.4427659Z test_invalid_envelopes_cannot_launch_nodes (test_trace_worker_protocol.TraceWorkerProtocolTests.test_invalid_envelopes_cannot_launch_nodes) ... ok
evm	Verify real local Anvil without any mainnet keys	2026-10-02T14:57:11.4444483Z {"artifact_id": "9483fc6fff642f486094a3b913617d8716f4fd2e2f712c952db2d3efa557eef7", "execution_kind": "canonical_transaction_prefix_replay", "baseline_verified": false, "output": "unused"}
evm	Verify real local Anvil without any mainnet keys	2026-10-02T14:57:11.4446104Z {"artifact_id": "9483fc6fff642f486094a3b913617d8716f4fd2e2f712c952db2d3efa557eef7", "execution_kind": "canonical_transaction_prefix_replay", "baseline_verified": false, "output": "unused"}
evm	Verify real local Anvil without any mainnet keys	2026-10-02T14:57:11.5991942Z test_blocked_download_obeys_whole_build_budget_and_preserves_manifest (test_worker_build.WorkerBuildTests.test_blocked_download_obeys_whole_build_budget_and_preserves_manifest) ... ok
evm	Verify real local Anvil without any mainnet keys	2026-10-02T14:57:11.5996286Z test_corrupt_archive_is_rejected (test_worker_build.WorkerBuildTests.test_corrupt_archive_is_rejected) ... ok
evm	Verify real local Anvil without any mainnet keys	2026-10-02T14:57:11.6005263Z test_deadline_checks_after_slow_read_before_writing (test_worker_build.WorkerBuildTests.test_deadline_checks_after_slow_read_before_writing) ... ok
evm	Verify real local Anvil without any mainnet keys	2026-10-02T14:57:11.7344593Z test_early_failed_job_reaps_watchdog_before_signal_initialization (test_worker_build.WorkerBuildTests.test_early_failed_job_reaps_watchdog_before_signal_initialization) ... ok
evm	Verify real local Anvil without any mainnet keys	2026-10-02T14:57:12.2264406Z test_endless_output_is_bounded_and_whole_deadline_cleans_session (test_worker_build.WorkerBuildTests.test_endless_output_is_bounded_and_whole_deadline_cleans_session) ... ok
evm	Verify real local Anvil without any mainnet keys	2026-10-02T14:57:12.2293118Z test_endless_stream_cannot_fill_disk_or_request_unbounded_reads (test_worker_build.WorkerBuildTests.test_endless_stream_cannot_fill_disk_or_request_unbounded_reads) ... ok
evm	Verify real local Anvil without any mainnet keys	2026-10-02T14:57:12.2297378Z test_exact_limit_is_accepted_and_hash_is_preserved (test_worker_build.WorkerBuildTests.test_exact_limit_is_accepted_and_hash_is_preserved) ... ok
evm	Verify real local Anvil without any mainnet keys	2026-10-02T14:57:12.3090947Z test_fifo_without_writer_rejects_without_hanging (test_worker_build.WorkerBuildTests.test_fifo_without_writer_rejects_without_hanging) ... ok
evm	Verify real local Anvil without any mainnet keys	2026-10-02T14:57:12.3101321Z test_invalid_budgets_are_rejected_before_allocating_resources (test_worker_build.WorkerBuildTests.test_invalid_budgets_are_rejected_before_allocating_resources) ... usage: build_worker [-h] [--archive ARCHIVE] [--output OUTPUT]
evm	Verify real local Anvil without any mainnet keys	2026-10-02T14:57:12.3103817Z                     [--timeout-seconds TIMEOUT_SECONDS]
evm	Verify real local Anvil without any mainnet keys	2026-10-02T14:57:12.3104798Z build_worker: error: --timeout-seconds must be greater than zero and at most 600
evm	Verify real local Anvil without any mainnet keys	2026-10-02T14:57:12.3106270Z usage: build_worker [-h] [--archive ARCHIVE] [--output OUTPUT]
evm	Verify real local Anvil without any mainnet keys	2026-10-02T14:57:12.3107104Z                     [--timeout-seconds TIMEOUT_SECONDS]
evm	Verify real local Anvil without any mainnet keys	2026-10-02T14:57:12.3108378Z build_worker: error: --timeout-seconds must be greater than zero and at most 600
evm	Verify real local Anvil without any mainnet keys	2026-10-02T14:57:12.3112377Z usage: build_worker [-h] [--archive ARCHIVE] [--output OUTPUT]
evm	Verify real local Anvil without any mainnet keys	2026-10-02T14:57:12.3113115Z                     [--timeout-seconds TIMEOUT_SECONDS]
evm	Verify real local Anvil without any mainnet keys	2026-10-02T14:57:12.3113934Z build_worker: error: --timeout-seconds must be greater than zero and at most 600
evm	Verify real local Anvil without any mainnet keys	2026-10-02T14:57:12.3117646Z usage: build_worker [-h] [--archive ARCHIVE] [--output OUTPUT]
evm	Verify real local Anvil without any mainnet keys	2026-10-02T14:57:12.3118997Z                     [--timeout-seconds TIMEOUT_SECONDS]
evm	Verify real local Anvil without any mainnet keys	2026-10-02T14:57:12.3119802Z build_worker: error: --timeout-seconds must be greater than zero and at most 600
evm	Verify real local Anvil without any mainnet keys	2026-10-02T14:57:12.3123565Z usage: build_worker [-h] [--archive ARCHIVE] [--output OUTPUT]
evm	Verify real local Anvil without any mainnet keys	2026-10-02T14:57:12.3124240Z                     [--timeout-seconds TIMEOUT_SECONDS]
evm	Verify real local Anvil without any mainnet keys	2026-10-02T14:57:12.3124997Z build_worker: error: --timeout-seconds must be greater than zero and at most 600
evm	Verify real local Anvil without any mainnet keys	2026-10-02T14:57:12.3125735Z ok
evm	Verify real local Anvil without any mainnet keys	2026-10-02T14:57:12.3133428Z test_local_regular_file_is_streamed_without_read_bytes (test_worker_build.WorkerBuildTests.test_local_regular_file_is_streamed_without_read_bytes) ... ok
evm	Verify real local Anvil without any mainnet keys	2026-10-02T14:57:12.3147866Z test_manifest_failure_preserves_prior_bytes_without_temporary_files (test_worker_build.WorkerBuildTests.test_manifest_failure_preserves_prior_bytes_without_temporary_files) ... ok
evm	Verify real local Anvil without any mainnet keys	2026-10-02T14:57:12.5195410Z test_native_block_cannot_delay_the_supervised_deadline (test_worker_build.WorkerBuildTests.test_native_block_cannot_delay_the_supervised_deadline) ... ok
evm	Verify real local Anvil without any mainnet keys	2026-10-02T14:57:12.6138699Z test_noisy_command_has_bounded_diagnostics_and_preserves_failure (test_worker_build.WorkerBuildTests.test_noisy_command_has_bounded_diagnostics_and_preserves_failure) ... ok
evm	Verify real local Anvil without any mainnet keys	2026-10-02T14:57:12.6273110Z test_oversized_archive_rejected_before_digest_or_extraction (test_worker_build.WorkerBuildTests.test_oversized_archive_rejected_before_digest_or_extraction) ... ok
evm	Verify real local Anvil without any mainnet keys	2026-10-02T14:57:12.7180265Z test_owner_sigkill_closes_lifetime_pipe_and_stops_build_session (test_worker_build.WorkerBuildTests.test_owner_sigkill_closes_lifetime_pipe_and_stops_build_session) ... ok
evm	Verify real local Anvil without any mainnet keys	2026-10-02T14:57:13.2394790Z test_real_stalled_http_body_is_interrupted (test_worker_build.WorkerBuildTests.test_real_stalled_http_body_is_interrupted) ... ok
evm	Verify real local Anvil without any mainnet keys	2026-10-02T14:57:13.2556175Z test_sigterm_cancels_and_restores_process_handlers (test_worker_build.WorkerBuildTests.test_sigterm_cancels_and_restores_process_handlers) ... ok
evm	Verify real local Anvil without any mainnet keys	2026-10-02T14:57:14.7656949Z test_timeout_kills_owned_command_and_term_ignoring_descendant (test_worker_build.WorkerBuildTests.test_timeout_kills_owned_command_and_term_ignoring_descendant) ... ok
evm	Verify real local Anvil without any mainnet keys	2026-10-02T14:57:14.7658241Z 
evm	Verify real local Anvil without any mainnet keys	2026-10-02T14:57:14.7658463Z ======================================================================
evm	Verify real local Anvil without any mainnet keys	2026-10-02T14:57:14.7659881Z ERROR: test_actual_missing_aave_code_reads_unproven_without_replay_fallback (test_consumer_observations_evm.ConsumerObservationEVMTests.test_actual_missing_aave_code_reads_unproven_without_replay_fallback)
evm	Verify real local Anvil without any mainnet keys	2026-10-02T14:57:14.7661379Z ----------------------------------------------------------------------
evm	Verify real local Anvil without any mainnet keys	2026-10-02T14:57:14.7661982Z Traceback (most recent call last):
evm	Verify real local Anvil without any mainnet keys	2026-10-02T14:57:14.7669919Z   File "/home/runner/work/engine/engine/tests/test_consumer_observations_evm.py", line 459, in test_actual_missing_aave_code_reads_unproven_without_replay_fallback
evm	Verify real local Anvil without any mainnet keys	2026-10-02T14:57:14.7670689Z     result = self.run_owned()
evm	Verify real local Anvil without any mainnet keys	2026-10-02T14:57:14.7670935Z              ^^^^^^^^^^^^^^^^
evm	Verify real local Anvil without any mainnet keys	2026-10-02T14:57:14.7671461Z   File "/home/runner/work/engine/engine/tests/test_consumer_observations_evm.py", line 273, in run_owned
evm	Verify real local Anvil without any mainnet keys	2026-10-02T14:57:14.7672039Z     result = views.run_trace_observed_native(plan or self.plan)
evm	Verify real local Anvil without any mainnet keys	2026-10-02T14:57:14.7672401Z              ^^^^^^^^^^^^^^^^^^^^^^^^^^^^^^^^^^^^^^^^^^^^^^^^^^
evm	Verify real local Anvil without any mainnet keys	2026-10-02T14:57:14.7673011Z   File "/home/runner/work/engine/engine/src/entrotter_engine/consumer_observations.py", line 306, in run_trace_observed_native
evm	Verify real local Anvil without any mainnet keys	2026-10-02T14:57:14.7673873Z     report = _run_trace_native(plan, collector)
evm	Verify real local Anvil without any mainnet keys	2026-10-02T14:57:14.7674171Z              ^^^^^^^^^^^^^^^^^^^^^^^^^^^^^^^^^^
evm	Verify real local Anvil without any mainnet keys	2026-10-02T14:57:14.7674687Z   File "/home/runner/work/engine/engine/src/entrotter_engine/trace.py", line 610, in _run_trace_native
evm	Verify real local Anvil without any mainnet keys	2026-10-02T14:57:14.7675184Z     raise ExecutionError(
evm	Verify real local Anvil without any mainnet keys	2026-10-02T14:57:14.7675943Z entrotter_engine.evm.ExecutionError: Canonical trace RPC failed; original inputs/state may be unavailable. No fixture substitution. [rpc_code=rejected; rpc_method=eth_getTransactionCount]
evm	Verify real local Anvil without any mainnet keys	2026-10-02T14:57:14.7676779Z 
evm	Verify real local Anvil without any mainnet keys	2026-10-02T14:57:14.7676925Z ----------------------------------------------------------------------
evm	Verify real local Anvil without any mainnet keys	2026-10-02T14:57:14.7677257Z Ran 350 tests in 83.559s
evm	Verify real local Anvil without any mainnet keys	2026-10-02T14:57:14.7677395Z 
evm	Verify real local Anvil without any mainnet keys	2026-10-02T14:57:14.7677480Z FAILED (errors=1)
evm	Verify real local Anvil without any mainnet keys	2026-10-02T14:57:14.8280473Z ##[error]Process completed with exit code 1.
