test_anvil_optional_params_and_unsupported_method_id (test_parent_cache.ParentCacheTests.test_anvil_optional_params_and_unsupported_method_id) ... ok
test_brief_handler_overlap_admits_next_read_without_extra_active_handlers (test_parent_cache.ParentCacheTests.test_brief_handler_overlap_admits_next_read_without_extra_active_handlers) ... ok
test_cache_byte_and_call_caps_no_provider_fallback_value (test_parent_cache.ParentCacheTests.test_cache_byte_and_call_caps_no_provider_fallback_value) ... ok
test_cache_preserves_raw_result_and_binds_new_id (test_parent_cache.ParentCacheTests.test_cache_preserves_raw_result_and_binds_new_id) ... ok
test_checked_parent_header_and_misbound_refusal (test_parent_cache.ParentCacheTests.test_checked_parent_header_and_misbound_refusal) ... ok
test_deadline_releases_pending_owner_and_waiter_with_finite_errors (test_parent_cache.ParentCacheTests.test_deadline_releases_pending_owner_and_waiter_with_finite_errors) ... ok
test_deadline_terminates_without_owner_close (test_parent_cache.ParentCacheTests.test_deadline_terminates_without_owner_close) ... ok
test_distinct_pinned_reads_enter_real_provider_concurrently (test_parent_cache.ParentCacheTests.test_distinct_pinned_reads_enter_real_provider_concurrently) ... ok
test_errors_and_bad_wire_never_cached_or_leak (test_parent_cache.ParentCacheTests.test_errors_and_bad_wire_never_cached_or_leak) ... ok
test_full_method_params_key_and_only_parent_hash_cache (test_parent_cache.ParentCacheTests.test_full_method_params_key_and_only_parent_hash_cache) ... ok
test_http_timeout_returns_only_finite_error (test_parent_cache.ParentCacheTests.test_http_timeout_returns_only_finite_error) ... ok
test_invalid_startup_config_is_closed_without_provider_text (test_parent_cache.ParentCacheTests.test_invalid_startup_config_is_closed_without_provider_text) ... ok
test_matching_parent_header_coalesces_with_fresh_ids (test_parent_cache.ParentCacheTests.test_matching_parent_header_coalesces_with_fresh_ids) ... ok
test_null_and_oversized_successes_release_waiters_without_sharing (test_parent_cache.ParentCacheTests.test_null_and_oversized_successes_release_waiters_without_sharing) ... ok
test_oversized_entry_forwarded_without_cache (test_parent_cache.ParentCacheTests.test_oversized_entry_forwarded_without_cache) ... ok
test_owner_cancellation_releases_waiter_and_preserves_exact_exception (test_parent_cache.ParentCacheTests.test_owner_cancellation_releases_waiter_and_preserves_exact_exception) ... ok
test_owner_close_kills_blocked_handler_and_preserves_primary (test_parent_cache.ParentCacheTests.test_owner_close_kills_blocked_handler_and_preserves_primary) ... ok
test_owner_error_wakes_waiter_and_only_success_is_cached (test_parent_cache.ParentCacheTests.test_owner_error_wakes_waiter_and_only_success_is_cached) ... ok
test_pending_keys_are_bounded_without_discarding_admitted_reads (test_parent_cache.ParentCacheTests.test_pending_keys_are_bounded_without_discarding_admitted_reads) ... ok
test_persistent_handler_pressure_refuses_without_extending_deadline (test_parent_cache.ParentCacheTests.test_persistent_handler_pressure_refuses_without_extending_deadline) ... ok
test_receipt_and_volatile_reads_remain_independently_concurrent (test_parent_cache.ParentCacheTests.test_receipt_and_volatile_reads_remain_independently_concurrent) ... ok
test_receipt_fallback_always_forwards_without_cache (test_parent_cache.ParentCacheTests.test_receipt_fallback_always_forwards_without_cache) ... ok
test_request_limits_unknown_writes_and_duplicate_keys (test_parent_cache.ParentCacheTests.test_request_limits_unknown_writes_and_duplicate_keys) ... ok
test_same_key_waiter_admitted_during_read_and_coalesces_raw_result (test_parent_cache.ParentCacheTests.test_same_key_waiter_admitted_during_read_and_coalesces_raw_result) ... ok
test_strict_response_ids_duplicate_keys_and_untrusted_types (test_parent_cache.ParentCacheTests.test_strict_response_ids_duplicate_keys_and_untrusted_types) ... ok
test_wait_failure_still_kills_reaps_and_closes_owned_process (test_parent_cache.ParentCacheTests.test_wait_failure_still_kills_reaps_and_closes_owned_process) ... ok

----------------------------------------------------------------------
Ran 26 tests in 23.817s

OK
