test_cache_launch_snapshot_failure_always_stops_and_closes_known_owned_child (test_cache_evidence.CacheEvidenceTests.test_cache_launch_snapshot_failure_always_stops_and_closes_known_owned_child) ... ok
test_closure_records_actual_independent_fields_without_inventing_unknown_port (test_cache_evidence.CacheEvidenceTests.test_closure_records_actual_independent_fields_without_inventing_unknown_port) ... ok
test_entrypoint_cache_snapshot_fault_preserves_candidate_primary_and_baseline (test_cache_evidence.CacheEvidenceTests.test_entrypoint_cache_snapshot_fault_preserves_candidate_primary_and_baseline) ... ok
test_exact_single_child_startup_binding_excludes_token_and_url (test_cache_evidence.CacheEvidenceTests.test_exact_single_child_startup_binding_excludes_token_and_url) ... ok
test_host_exhausted_shared_budget_never_signals_stale_pid_or_connects (test_cache_evidence.CacheEvidenceTests.test_host_exhausted_shared_budget_never_signals_stale_pid_or_connects) ... ok
test_host_malformed_and_snapshot_fault_are_secondary_finite (test_cache_evidence.CacheEvidenceTests.test_host_malformed_and_snapshot_fault_are_secondary_finite) ... ok
test_host_observation_healthy_resources_no_nonzero_signal (test_cache_evidence.CacheEvidenceTests.test_host_observation_healthy_resources_no_nonzero_signal) ... ok
test_stats_and_rows_strictly_finite (test_cache_evidence.CacheEvidenceTests.test_stats_and_rows_strictly_finite) ... ok
test_actual_entrypoint_candidate_failure_preserves_new_rows_and_original_primary (test_consumer_observer.ConsumerTest.test_actual_entrypoint_candidate_failure_preserves_new_rows_and_original_primary) ... ok
test_deadline_refuses_reads_and_restores_timeout (test_consumer_observer.ConsumerTest.test_deadline_refuses_reads_and_restores_timeout) ... ok
test_exact_complete_observations_have_narrow_view_only_flag (test_consumer_observer.ConsumerTest.test_exact_complete_observations_have_narrow_view_only_flag) ... ok
test_exact_queries_timeout_and_hash_only_raw_code (test_consumer_observer.ConsumerTest.test_exact_queries_timeout_and_hash_only_raw_code) ... ok
test_hostile_and_forged_rpc_errors_are_finite (test_consumer_observer.ConsumerTest.test_hostile_and_forged_rpc_errors_are_finite) ... ok
test_midphase_deadline_stops_remaining_queries (test_consumer_observer.ConsumerTest.test_midphase_deadline_stops_remaining_queries) ... ok
test_mismatches_and_missing_or_empty_evidence_never_claim_complete (test_consumer_observer.ConsumerTest.test_mismatches_and_missing_or_empty_evidence_never_claim_complete) ... ok
test_primary_failure_skip_and_snapshot_error_retained (test_consumer_observer.ConsumerTest.test_primary_failure_skip_and_snapshot_error_retained) ... ok
test_strict_fixed_abi_and_code_bounds (test_consumer_observer.ConsumerTest.test_strict_fixed_abi_and_code_bounds) ... ok
test_baseline_survives_candidate_failure_with_exact_source_request_binding (test_evidence.EvidenceTest.test_baseline_survives_candidate_failure_with_exact_source_request_binding) ... ok
test_entrypoint_failure_finalizes_complete_observations_without_replay_services (test_evidence.EvidenceTest.test_entrypoint_failure_finalizes_complete_observations_without_replay_services) ... ok
test_exact_static_error_only_without_stringifying_arbitrary_exception (test_evidence.EvidenceTest.test_exact_static_error_only_without_stringifying_arbitrary_exception) ... ok
test_failed_rpc_method_is_finite_and_exception_unchanged (test_evidence.EvidenceTest.test_failed_rpc_method_is_finite_and_exception_unchanged) ... ok
test_snapshot_io_fault_keeps_original_return_then_primary_error_identity (test_evidence.EvidenceTest.test_snapshot_io_fault_keeps_original_return_then_primary_error_identity) ... ok
test_outer_native_suffix_accepts_only_finite_exact_generated_values (test_evidence.SafeRPCMetadataTests.test_outer_native_suffix_accepts_only_finite_exact_generated_values) ... ok
test_recorded_codes_ignore_hostile_properties_and_match_real_observed_method (test_evidence.SafeRPCMetadataTests.test_recorded_codes_ignore_hostile_properties_and_match_real_observed_method) ... ok
test_snapshot_failure_keeps_new_metadata_and_exact_primary_error_identity (test_evidence.SafeRPCMetadataTests.test_snapshot_failure_keeps_new_metadata_and_exact_primary_error_identity) ... ok
test_actual_after_observer_hard_alarm_stops_replay_and_runs_owned_exit (test_stop_controls.StopControls.test_actual_after_observer_hard_alarm_stops_replay_and_runs_owned_exit) ... ok
test_actual_before_observer_signal_stops_real_rpc_and_rescues_owned_session (test_stop_controls.StopControls.test_actual_before_observer_signal_stops_real_rpc_and_rescues_owned_session) ... ok
test_actual_cache_startup_snapshot_stop_rescues_fixed_owner_without_work (test_stop_controls.StopControls.test_actual_cache_startup_snapshot_stop_rescues_fixed_owner_without_work) ... ok
test_actual_completed_baseline_snapshot_stop_does_not_continue_candidate (test_stop_controls.StopControls.test_actual_completed_baseline_snapshot_stop_does_not_continue_candidate) ... ok
test_duplicate_invalid_and_fifth_phase_do_not_issue_reads (test_stop_controls.StopControls.test_duplicate_invalid_and_fifth_phase_do_not_issue_reads) ... ok
test_nonfinite_bool_and_invalid_deadlines_refuse_before_reads (test_stop_controls.StopControls.test_nonfinite_bool_and_invalid_deadlines_refuse_before_reads) ... ok
test_observer_and_snapshot_propagate_nonexception_stop (test_stop_controls.StopControls.test_observer_and_snapshot_propagate_nonexception_stop) ... ok
test_plain_rpc_timeout_is_normalized_and_recorded_finitely (test_stop_controls.StopControls.test_plain_rpc_timeout_is_normalized_and_recorded_finitely) ... ok

----------------------------------------------------------------------
Ran 33 tests in 0.297s

OK
